14:05:00 **** Build of project standalone_bsp_0 ****
make -k all 
"Running Make include in microblaze_0/libsrc/bram_v4_0/src"
make -C microblaze_0/libsrc/bram_v4_0/src -s include  "SHELL=CMD" "COMPILER=mb-gcc" "ARCHIVER=mb-ar" "COMPILER_FLAGS= -O2 -c -mcpu=v9.5 -mlittle-endian -mxl-soft-mul" "EXTRA_COMPILER_FLAGS=-g"
"Running Make include in microblaze_0/libsrc/cpu_v2_3/src"
make -C microblaze_0/libsrc/cpu_v2_3/src -s include  "SHELL=CMD" "COMPILER=mb-gcc" "ARCHIVER=mb-ar" "COMPILER_FLAGS= -O2 -c -mcpu=v9.5 -mlittle-endian -mxl-soft-mul" "EXTRA_COMPILER_FLAGS=-g"
"Running Make include in microblaze_0/libsrc/DigiLED_v1_0/src"
make -C microblaze_0/libsrc/DigiLED_v1_0/src -s include  "SHELL=CMD" "COMPILER=mb-gcc" "ARCHIVER=mb-ar" "COMPILER_FLAGS= -O2 -c -mcpu=v9.5 -mlittle-endian -mxl-soft-mul" "EXTRA_COMPILER_FLAGS=-g"
"Running Make include in microblaze_0/libsrc/gpio_v4_0/src"
make -C microblaze_0/libsrc/gpio_v4_0/src -s include  "SHELL=CMD" "COMPILER=mb-gcc" "ARCHIVER=mb-ar" "COMPILER_FLAGS= -O2 -c -mcpu=v9.5 -mlittle-endian -mxl-soft-mul" "EXTRA_COMPILER_FLAGS=-g"
"Running Make include in microblaze_0/libsrc/standalone_v5_3/src"
make -C microblaze_0/libsrc/standalone_v5_3/src -s include  "SHELL=CMD" "COMPILER=mb-gcc" "ARCHIVER=mb-ar" "COMPILER_FLAGS= -O2 -c -mcpu=v9.5 -mlittle-endian -mxl-soft-mul" "EXTRA_COMPILER_FLAGS=-g"
"Running Make include in microblaze_0/libsrc/uartlite_v3_1/src"
make -C microblaze_0/libsrc/uartlite_v3_1/src -s include  "SHELL=CMD" "COMPILER=mb-gcc" "ARCHIVER=mb-ar" "COMPILER_FLAGS= -O2 -c -mcpu=v9.5 -mlittle-endian -mxl-soft-mul" "EXTRA_COMPILER_FLAGS=-g"
"Running Make libs in microblaze_0/libsrc/bram_v4_0/src"
make -C microblaze_0/libsrc/bram_v4_0/src -s libs  "SHELL=CMD" "COMPILER=mb-gcc" "ARCHIVER=mb-ar" "COMPILER_FLAGS= -O2 -c -mcpu=v9.5 -mlittle-endian -mxl-soft-mul" "EXTRA_COMPILER_FLAGS=-g"
"Compiling bram"
mb-ar: creating ../../../lib/libxil.a
"Running Make libs in microblaze_0/libsrc/cpu_v2_3/src"
make -C microblaze_0/libsrc/cpu_v2_3/src -s libs  "SHELL=CMD" "COMPILER=mb-gcc" "ARCHIVER=mb-ar" "COMPILER_FLAGS= -O2 -c -mcpu=v9.5 -mlittle-endian -mxl-soft-mul" "EXTRA_COMPILER_FLAGS=-g"
"Compiling cpu"
"Running Make libs in microblaze_0/libsrc/DigiLED_v1_0/src"
make -C microblaze_0/libsrc/DigiLED_v1_0/src -s libs  "SHELL=CMD" "COMPILER=mb-gcc" "ARCHIVER=mb-ar" "COMPILER_FLAGS= -O2 -c -mcpu=v9.5 -mlittle-endian -mxl-soft-mul" "EXTRA_COMPILER_FLAGS=-g"
"Compiling DigiLED..."
"Running Make libs in microblaze_0/libsrc/gpio_v4_0/src"
make -C microblaze_0/libsrc/gpio_v4_0/src -s libs  "SHELL=CMD" "COMPILER=mb-gcc" "ARCHIVER=mb-ar" "COMPILER_FLAGS= -O2 -c -mcpu=v9.5 -mlittle-endian -mxl-soft-mul" "EXTRA_COMPILER_FLAGS=-g"
"Compiling gpio"
"Running Make libs in microblaze_0/libsrc/standalone_v5_3/src"
make -C microblaze_0/libsrc/standalone_v5_3/src -s libs  "SHELL=CMD" "COMPILER=mb-gcc" "ARCHIVER=mb-ar" "COMPILER_FLAGS= -O2 -c -mcpu=v9.5 -mlittle-endian -mxl-soft-mul" "EXTRA_COMPILER_FLAGS=-g"
"Compiling standalone";
"Running Make libs in microblaze_0/libsrc/uartlite_v3_1/src"
make -C microblaze_0/libsrc/uartlite_v3_1/src -s libs  "SHELL=CMD" "COMPILER=mb-gcc" "ARCHIVER=mb-ar" "COMPILER_FLAGS= -O2 -c -mcpu=v9.5 -mlittle-endian -mxl-soft-mul" "EXTRA_COMPILER_FLAGS=-g"
"Compiling uartlite"
'Finished building libraries'

**** Build of configuration Debug for project Arty DigiLED ****

Nothing to build for project Arty DigiLED
14:05:59 **** Build of configuration Debug for project hello ****
make all 
'Building file: ../src/helloworld.c'
'Invoking: MicroBlaze gcc compiler'
mb-gcc -Wall -O0 -g3 -c -fmessage-length=0 -MT"src/helloworld.o" -I../../standalone_bsp_0/microblaze_0/include -mlittle-endian -mcpu=v9.5 -mxl-soft-mul -Wl,--no-relax -MMD -MP -MF"src/helloworld.d" -MT"src/helloworld.d" -o "src/helloworld.o" "../src/helloworld.c"
'Finished building: ../src/helloworld.c'
' '
'Building file: ../src/platform.c'
'Invoking: MicroBlaze gcc compiler'
mb-gcc -Wall -O0 -g3 -c -fmessage-length=0 -MT"src/platform.o" -I../../standalone_bsp_0/microblaze_0/include -mlittle-endian -mcpu=v9.5 -mxl-soft-mul -Wl,--no-relax -MMD -MP -MF"src/platform.d" -MT"src/platform.d" -o "src/platform.o" "../src/platform.c"
'Finished building: ../src/platform.c'
' '
'Building target: hello.elf'
'Invoking: MicroBlaze gcc linker'
mb-gcc -Wl,-T -Wl,../src/lscript.ld -L../../standalone_bsp_0/microblaze_0/lib -mlittle-endian -mcpu=v9.5 -mxl-soft-mul -Wl,--no-relax -o "hello.elf"  ./src/helloworld.o ./src/platform.o   -Wl,--start-group,-lxil,-lgcc,-lc,--end-group
'Finished building target: hello.elf'
' '
'Invoking: MicroBlaze Print Size'
mb-size hello.elf  |tee "hello.elf.size"
   text	   data	    bss	    dec	    hex	filename
   3320	    288	   3120	   6728	   1a48	hello.elf
'Finished building: hello.elf.size'
' '

**** Build of configuration Debug for project Arty DigiLED ****

Nothing to build for project Arty DigiLED
14:06:59 **** Clean-only build of configuration Debug for project Arty DigiLED ****
make clean 
make: *** No rule to make target `clean'.  Stop.

****  of configuration Debug for project Arty DigiLED ****

Nothing to build for project Arty DigiLED
14:07:07 **** Clean-only build of configuration Debug for project Arty DigiLED ****
make clean 
make: *** No rule to make target `clean'.  Stop.

****  of configuration Debug for project Arty DigiLED ****

Nothing to build for project Arty DigiLED
14:07:17 **** Clean-only build of configuration Debug for project Arty DigiLED ****
make clean 
make: *** No rule to make target `clean'.  Stop.

****  of configuration Debug for project Arty DigiLED ****

Nothing to build for project Arty DigiLED
14:08:11 **** Build of configuration Debug for project Digi_LED ****
make all 
'Building file: ../src/helloworld.c'
'Invoking: MicroBlaze gcc compiler'
mb-gcc -Wall -O0 -g3 -c -fmessage-length=0 -MT"src/helloworld.o" -I../../standalone_bsp_0/microblaze_0/include -mlittle-endian -mcpu=v9.5 -mxl-soft-mul -Wl,--no-relax -MMD -MP -MF"src/helloworld.d" -MT"src/helloworld.d" -o "src/helloworld.o" "../src/helloworld.c"
'Finished building: ../src/helloworld.c'
' '
'Building file: ../src/platform.c'
'Invoking: MicroBlaze gcc compiler'
mb-gcc -Wall -O0 -g3 -c -fmessage-length=0 -MT"src/platform.o" -I../../standalone_bsp_0/microblaze_0/include -mlittle-endian -mcpu=v9.5 -mxl-soft-mul -Wl,--no-relax -MMD -MP -MF"src/platform.d" -MT"src/platform.d" -o "src/platform.o" "../src/platform.c"
'Finished building: ../src/platform.c'
' '
'Building target: Digi_LED.elf'
'Invoking: MicroBlaze gcc linker'
mb-gcc -Wl,-T -Wl,../src/lscript.ld -L../../standalone_bsp_0/microblaze_0/lib -mlittle-endian -mcpu=v9.5 -mxl-soft-mul -Wl,--no-relax -o "Digi_LED.elf"  ./src/helloworld.o ./src/platform.o   -Wl,--start-group,-lxil,-lgcc,-lc,--end-group
'Finished building target: Digi_LED.elf'
' '
'Invoking: MicroBlaze Print Size'
mb-size Digi_LED.elf  |tee "Digi_LED.elf.size"
   text	   data	    bss	    dec	    hex	filename
   3320	    288	   3120	   6728	   1a48	Digi_LED.elf
'Finished building: Digi_LED.elf.size'
' '
14:09:48 **** Incremental Build of configuration Debug for project Digi_LED ****
make all 
make: Nothing to be done for `all'.
14:10:17 **** Incremental Build of configuration Debug for project Digi_LED ****
make all 
make: Nothing to be done for `all'.
14:11:02 **** Incremental Build of configuration Debug for project Digi_LED ****
make all 
make: Nothing to be done for `all'.
14:11:31 **** Incremental Build of configuration Debug for project Digi_LED ****
make all 
make: Nothing to be done for `all'.

**** Build of configuration Debug for project debug ****

Nothing to build for project debug
14:13:43 **** Build of configuration Debug for project hello ****
make all 
'Building file: ../src/helloworld.c'
'Invoking: MicroBlaze gcc compiler'
mb-gcc -Wall -O0 -g3 -c -fmessage-length=0 -MT"src/helloworld.o" -I../../standalone_bsp_0/microblaze_0/include -mlittle-endian -mcpu=v9.5 -mxl-soft-mul -Wl,--no-relax -MMD -MP -MF"src/helloworld.d" -MT"src/helloworld.d" -o "src/helloworld.o" "../src/helloworld.c"
'Finished building: ../src/helloworld.c'
' '
'Building file: ../src/platform.c'
'Invoking: MicroBlaze gcc compiler'
mb-gcc -Wall -O0 -g3 -c -fmessage-length=0 -MT"src/platform.o" -I../../standalone_bsp_0/microblaze_0/include -mlittle-endian -mcpu=v9.5 -mxl-soft-mul -Wl,--no-relax -MMD -MP -MF"src/platform.d" -MT"src/platform.d" -o "src/platform.o" "../src/platform.c"
'Finished building: ../src/platform.c'
' '
'Building target: hello.elf'
'Invoking: MicroBlaze gcc linker'
mb-gcc -Wl,-T -Wl,../src/lscript.ld -L../../standalone_bsp_0/microblaze_0/lib -mlittle-endian -mcpu=v9.5 -mxl-soft-mul -Wl,--no-relax -o "hello.elf"  ./src/helloworld.o ./src/platform.o   -Wl,--start-group,-lxil,-lgcc,-lc,--end-group
'Finished building target: hello.elf'
' '
'Invoking: MicroBlaze Print Size'
mb-size hello.elf  |tee "hello.elf.size"
   text	   data	    bss	    dec	    hex	filename
   3320	    288	   3120	   6728	   1a48	hello.elf
'Finished building: hello.elf.size'
' '

**** Build of configuration Debug for project Arty DigiLED ****

Nothing to build for project Arty DigiLED

****  of configuration Debug for project Arty DigiLED ****

Nothing to build for project Arty DigiLED
14:14:59 **** Auto Build of configuration Debug for project Arty DigiLED ****
make all 
'Building file: ../src/helloworld.c'
'Invoking: MicroBlaze gcc compiler'
mb-gcc -Wall -O0 -g3 -c -fmessage-length=0 -MT"src/helloworld.o" -I../../standalone_bsp_0/microblaze_0/include -mlittle-endian -mcpu=v9.5 -mxl-soft-mul -Wl,--no-relax -MMD -MP -MF"src/helloworld.d" -MT"src/helloworld.d" -o "src/helloworld.o" "../src/helloworld.c"
../src/helloworld.c:49:22: fatal error: platform.h: No such file or directory
 #include "platform.h"
                      ^
compilation terminated.
make: *** [src/helloworld.o] Error 1
14:15:19 **** Auto Build of configuration Debug for project Arty DigiLED ****
make all 
'Building file: ../src/helloworld.c'
'Invoking: MicroBlaze gcc compiler'
mb-gcc -Wall -O0 -g3 -c -fmessage-length=0 -MT"src/helloworld.o" -I../../standalone_bsp_0/microblaze_0/include -mlittle-endian -mcpu=v9.5 -mxl-soft-mul -Wl,--no-relax -MMD -MP -MF"src/helloworld.d" -MT"src/helloworld.d" -o "src/helloworld.o" "../src/helloworld.c"
../src/helloworld.c: In function 'main':
../src/helloworld.c:55:5: warning: implicit declaration of function 'init_platform' [-Wimplicit-function-declaration]
     init_platform();
     ^
../src/helloworld.c:59:5: warning: implicit declaration of function 'cleanup_platform' [-Wimplicit-function-declaration]
     cleanup_platform();
     ^
'Finished building: ../src/helloworld.c'
' '
make: *** No rule to make target `../src/lscript.ld', needed by `Arty DigiLED.elf'.  Stop.
14:16:39 **** Auto Build of configuration Debug for project Arty DigiLED ****
make all 
'Building file: ../src/helloworld.c'
'Invoking: MicroBlaze gcc compiler'
mb-gcc -Wall -O0 -g3 -c -fmessage-length=0 -MT"src/helloworld.o" -I../../standalone_bsp_0/microblaze_0/include -mlittle-endian -mcpu=v9.5 -mxl-soft-mul -Wl,--no-relax -MMD -MP -MF"src/helloworld.d" -MT"src/helloworld.d" -o "src/helloworld.o" "../src/helloworld.c"
'Finished building: ../src/helloworld.c'
' '
make: *** No rule to make target `../src/lscript.ld', needed by `Arty DigiLED.elf'.  Stop.
14:17:41 **** Auto Build of configuration Debug for project Arty DigiLED ****
make all 
'Building file: ../src/helloworld.c'
'Invoking: MicroBlaze gcc compiler'
mb-gcc -Wall -O0 -g3 -c -fmessage-length=0 -MT"src/helloworld.o" -I../../standalone_bsp_0/microblaze_0/include -mlittle-endian -mcpu=v9.5 -mxl-soft-mul -Wl,--no-relax -MMD -MP -MF"src/helloworld.d" -MT"src/helloworld.d" -o "src/helloworld.o" "../src/helloworld.c"
'Finished building: ../src/helloworld.c'
' '
make: *** No rule to make target `../src/lscript.ld', needed by `Arty DigiLED.elf'.  Stop.
14:18:20 **** Auto Build of configuration Debug for project Arty DigiLED ****
make all 
'Building file: ../src/helloworld.c'
'Invoking: MicroBlaze gcc compiler'
mb-gcc -Wall -O0 -g3 -c -fmessage-length=0 -MT"src/helloworld.o" -I../../standalone_bsp_0/microblaze_0/include -mlittle-endian -mcpu=v9.5 -mxl-soft-mul -Wl,--no-relax -MMD -MP -MF"src/helloworld.d" -MT"src/helloworld.d" -o "src/helloworld.o" "../src/helloworld.c"
'Finished building: ../src/helloworld.c'
' '
make: *** No rule to make target `../src/lscript.ld', needed by `Arty DigiLED.elf'.  Stop.
14:19:48 **** Auto Build of configuration Debug for project Arty DigiLED ****
make all 
'Building file: ../src/helloworld.c'
'Invoking: MicroBlaze gcc compiler'
mb-gcc -Wall -O0 -g3 -c -fmessage-length=0 -MT"src/helloworld.o" -I../../standalone_bsp_0/microblaze_0/include -mlittle-endian -mcpu=v9.5 -mxl-soft-mul -Wl,--no-relax -MMD -MP -MF"src/helloworld.d" -MT"src/helloworld.d" -o "src/helloworld.o" "../src/helloworld.c"
../src/helloworld.c:59:21: error: unknown type name 'uint16_t'
 void HSVsetLEDColor(uint16_t number, uint16_t hue, uint8_t sat, uint8_t val);
                     ^
../src/helloworld.c:59:38: error: unknown type name 'uint16_t'
 void HSVsetLEDColor(uint16_t number, uint16_t hue, uint8_t sat, uint8_t val);
                                      ^
../src/helloworld.c:59:52: error: unknown type name 'uint8_t'
 void HSVsetLEDColor(uint16_t number, uint16_t hue, uint8_t sat, uint8_t val);
                                                    ^
../src/helloworld.c:59:65: error: unknown type name 'uint8_t'
 void HSVsetLEDColor(uint16_t number, uint16_t hue, uint8_t sat, uint8_t val);
                                                                 ^
../src/helloworld.c:63:21: error: unknown type name 'uint16_t'
 void RGBsetLEDColor(uint16_t number, uint8_t red, uint8_t green, uint8_t blue);
                     ^
../src/helloworld.c:63:38: error: unknown type name 'uint8_t'
 void RGBsetLEDColor(uint16_t number, uint8_t red, uint8_t green, uint8_t blue);
                                      ^
../src/helloworld.c:63:51: error: unknown type name 'uint8_t'
 void RGBsetLEDColor(uint16_t number, uint8_t red, uint8_t green, uint8_t blue);
                                                   ^
../src/helloworld.c:63:66: error: unknown type name 'uint8_t'
 void RGBsetLEDColor(uint16_t number, uint8_t red, uint8_t green, uint8_t blue);
                                                                  ^
make: *** [src/helloworld.o] Error 1
14:20:02 **** Auto Build of configuration Debug for project Arty DigiLED ****
make all 
'Building file: ../src/helloworld.c'
'Invoking: MicroBlaze gcc compiler'
mb-gcc -Wall -O0 -g3 -c -fmessage-length=0 -MT"src/helloworld.o" -I../../standalone_bsp_0/microblaze_0/include -mlittle-endian -mcpu=v9.5 -mxl-soft-mul -Wl,--no-relax -MMD -MP -MF"src/helloworld.d" -MT"src/helloworld.d" -o "src/helloworld.o" "../src/helloworld.c"
'Finished building: ../src/helloworld.c'
' '
make: *** No rule to make target `../src/lscript.ld', needed by `Arty DigiLED.elf'.  Stop.
14:20:41 **** Auto Build of configuration Debug for project Arty DigiLED ****
make all 
'Building file: ../src/helloworld.c'
'Invoking: MicroBlaze gcc compiler'
mb-gcc -Wall -O0 -g3 -c -fmessage-length=0 -MT"src/helloworld.o" -I../../standalone_bsp_0/microblaze_0/include -mlittle-endian -mcpu=v9.5 -mxl-soft-mul -Wl,--no-relax -MMD -MP -MF"src/helloworld.d" -MT"src/helloworld.d" -o "src/helloworld.o" "../src/helloworld.c"
../src/helloworld.c: In function 'main':
../src/helloworld.c:81:2: warning: implicit declaration of function 'enable_leds' [-Wimplicit-function-declaration]
  enable_leds();
  ^
../src/helloworld.c:83:2: warning: implicit declaration of function 'HSVsetLEDColor' [-Wimplicit-function-declaration]
  HSVsetLEDColor(5, 0, 0, 255);
  ^
'Finished building: ../src/helloworld.c'
' '
make: *** No rule to make target `../src/lscript.ld', needed by `Arty DigiLED.elf'.  Stop.
14:20:54 **** Auto Build of configuration Debug for project Arty DigiLED ****
make all 
'Building file: ../src/helloworld.c'
'Invoking: MicroBlaze gcc compiler'
mb-gcc -Wall -O0 -g3 -c -fmessage-length=0 -MT"src/helloworld.o" -I../../standalone_bsp_0/microblaze_0/include -mlittle-endian -mcpu=v9.5 -mxl-soft-mul -Wl,--no-relax -MMD -MP -MF"src/helloworld.d" -MT"src/helloworld.d" -o "src/helloworld.o" "../src/helloworld.c"
'Finished building: ../src/helloworld.c'
' '
make: *** No rule to make target `../src/lscript.ld', needed by `Arty DigiLED.elf'.  Stop.
14:22:00 **** Auto Build of configuration Debug for project Arty DigiLED ****
make all 
'Building target: Arty DigiLED.elf'
'Invoking: MicroBlaze gcc linker'
mb-gcc -Wl,-T -Wl,../src/lscript.ld -L../../standalone_bsp_0/microblaze_0/lib -mlittle-endian -mcpu=v9.5 -mxl-soft-mul -Wl,--no-relax -o "Arty DigiLED.elf"  ./src/helloworld.o   -Wl,--start-group,-lxil,-lgcc,-lc,--end-group
'Finished building target: Arty DigiLED.elf'
' '
'Invoking: MicroBlaze Print Size'
mb-size Arty DigiLED.elf  |tee "Arty DigiLED.elf.size"
mb-size: 'Arty': No such file
mb-size: 'DigiLED.elf': No such file
'Finished building: Arty DigiLED.elf.size'
' '
14:22:08 **** Incremental Build of configuration Debug for project hello ****
make all 
make: Nothing to be done for `all'.
14:22:08 **** Incremental Build of configuration Debug for project Arty DigiLED ****
make all 
make: Nothing to be done for `all'.
14:22:43 **** Incremental Build of configuration Debug for project hello ****
make all 
make: Nothing to be done for `all'.
14:22:43 **** Incremental Build of configuration Debug for project Arty DigiLED ****
make all 
make: Nothing to be done for `all'.
14:23:01 **** Incremental Build of configuration Debug for project Arty DigiLED ****
make all 
make: Nothing to be done for `all'.
14:23:12 **** Incremental Build of configuration Debug for project hello ****
make all 
make: Nothing to be done for `all'.
14:23:13 **** Incremental Build of configuration Debug for project Arty DigiLED ****
make all 
make: Nothing to be done for `all'.
14:24:25 **** Incremental Build of configuration Debug for project hello ****
make all 
'Building file: ../src/platform.c'
'Invoking: MicroBlaze gcc compiler'
mb-gcc -Wall -O0 -g3 -c -fmessage-length=0 -MT"src/platform.o" -I../../standalone_bsp_0/microblaze_0/include -mlittle-endian -mcpu=v9.5 -mxl-soft-mul -Wl,--no-relax -MMD -MP -MF"src/platform.d" -MT"src/platform.d" -o "src/platform.o" "../src/platform.c"
../src/platform.c:34:23: fatal error: xil_cache.h: No such file or directory
 #include "xil_cache.h"
                       ^
compilation terminated.
make: *** [src/platform.o] Error 1
14:24:25 **** Incremental Build of configuration Debug for project Arty DigiLED ****
make all 
'Building file: ../src/helloworld.c'
'Invoking: MicroBlaze gcc compiler'
mb-gcc -Wall -O0 -g3 -c -fmessage-length=0 -MT"src/helloworld.o" -I../../standalone_bsp_0/microblaze_0/include -mlittle-endian -mcpu=v9.5 -mxl-soft-mul -Wl,--no-relax -MMD -MP -MF"src/helloworld.d" -MT"src/helloworld.d" -o "src/helloworld.o" "../src/helloworld.c"
../src/helloworld.c:51:21: fatal error: DigiLED.h: No such file or directory
 #include <DigiLED.h>
                     ^
compilation terminated.
make: *** [src/helloworld.o] Error 1
14:25:08 **** Clean-only build of configuration Debug for project Arty DigiLED ****
make clean 
rm -rf  ./src/helloworld.o  ./src/helloworld.d  Arty\ DigiLED.elf.size  "Arty DigiLED.elf"
' '
14:25:08 **** Auto Build of configuration Debug for project Arty DigiLED ****
make all 
'Building file: ../src/main.c'
'Invoking: MicroBlaze gcc compiler'
mb-gcc -Wall -O0 -g3 -c -fmessage-length=0 -MT"src/main.o" -I../../standalone_bsp_0/microblaze_0/include -mlittle-endian -mcpu=v9.5 -mxl-soft-mul -Wl,--no-relax -MMD -MP -MF"src/main.d" -MT"src/main.d" -o "src/main.o" "../src/main.c"
../src/main.c:51:21: fatal error: DigiLED.h: No such file or directory
 #include <DigiLED.h>
                     ^
compilation terminated.
make: *** [src/main.o] Error 1
14:25:59 **** Auto Build of configuration Debug for project Arty DigiLED ****
make all 
'Building file: ../src/main.c'
'Invoking: MicroBlaze gcc compiler'
mb-gcc -Wall -O0 -g3 -c -fmessage-length=0 -MT"src/main.o" -I../../standalone_bsp_0/microblaze_0/include -mlittle-endian -mcpu=v9.5 -mxl-soft-mul -Wl,--no-relax -MMD -MP -MF"src/main.d" -MT"src/main.d" -o "src/main.o" "../src/main.c"
../src/main.c:51:21: fatal error: DigiLED.h: No such file or directory
 #include "DigiLED.h"
                     ^
compilation terminated.
make: *** [src/main.o] Error 1
14:26:47 **** Auto Build of configuration Debug for project Arty DigiLED ****
make all 
'Building file: ../src/main.c'
'Invoking: MicroBlaze gcc compiler'
mb-gcc -Wall -O0 -g3 -c -fmessage-length=0 -MT"src/main.o" -I../../standalone_bsp_0/microblaze_0/include -mlittle-endian -mcpu=v9.5 -mxl-soft-mul -Wl,--no-relax -MMD -MP -MF"src/main.d" -MT"src/main.d" -o "src/main.o" "../src/main.c"
../src/main.c:51:34: fatal error: DigiLED_v1_0/DigiLED.h: No such file or directory
 #include "DigiLED_v1_0/DigiLED.h"
                                  ^
compilation terminated.
make: *** [src/main.o] Error 1
14:26:52 **** Auto Build of configuration Debug for project Arty DigiLED ****
make all 
'Building file: ../src/main.c'
'Invoking: MicroBlaze gcc compiler'
mb-gcc -Wall -O0 -g3 -c -fmessage-length=0 -MT"src/main.o" -I../../standalone_bsp_0/microblaze_0/include -mlittle-endian -mcpu=v9.5 -mxl-soft-mul -Wl,--no-relax -MMD -MP -MF"src/main.d" -MT"src/main.d" -o "src/main.o" "../src/main.c"
../src/main.c:51:36: fatal error: ./DigiLED_v1_0/DigiLED.h: No such file or directory
 #include "./DigiLED_v1_0/DigiLED.h"
                                    ^
compilation terminated.
make: *** [src/main.o] Error 1
14:27:11 **** Auto Build of configuration Debug for project Arty DigiLED ****
make all 
'Building file: ../src/main.c'
'Invoking: MicroBlaze gcc compiler'
mb-gcc -Wall -O0 -g3 -c -fmessage-length=0 -MT"src/main.o" -I../../standalone_bsp_0/microblaze_0/include -mlittle-endian -mcpu=v9.5 -mxl-soft-mul -Wl,--no-relax -MMD -MP -MF"src/main.d" -MT"src/main.d" -o "src/main.o" "../src/main.c"
../src/main.c:51:21: fatal error: DigiLED.h: No such file or directory
 #include "DigiLED.h"
                     ^
compilation terminated.
make: *** [src/main.o] Error 1
14:27:39 **** Auto Build of project standalone_bsp_0 ****
make -k all 
"Running Make include in microblaze_0/libsrc/bram_v4_0/src"
make -C microblaze_0/libsrc/bram_v4_0/src -s include  "SHELL=CMD" "COMPILER=mb-gcc" "ARCHIVER=mb-ar" "COMPILER_FLAGS= -O2 -c -mcpu=v9.5 -mlittle-endian -mxl-soft-mul" "EXTRA_COMPILER_FLAGS=-g"
"Running Make include in microblaze_0/libsrc/cpu_v2_3/src"
make -C microblaze_0/libsrc/cpu_v2_3/src -s include  "SHELL=CMD" "COMPILER=mb-gcc" "ARCHIVER=mb-ar" "COMPILER_FLAGS= -O2 -c -mcpu=v9.5 -mlittle-endian -mxl-soft-mul" "EXTRA_COMPILER_FLAGS=-g"
"Running Make include in microblaze_0/libsrc/DigiLED_v1_0/src"
make -C microblaze_0/libsrc/DigiLED_v1_0/src -s include  "SHELL=CMD" "COMPILER=mb-gcc" "ARCHIVER=mb-ar" "COMPILER_FLAGS= -O2 -c -mcpu=v9.5 -mlittle-endian -mxl-soft-mul" "EXTRA_COMPILER_FLAGS=-g"
"Running Make include in microblaze_0/libsrc/gpio_v4_0/src"
make -C microblaze_0/libsrc/gpio_v4_0/src -s include  "SHELL=CMD" "COMPILER=mb-gcc" "ARCHIVER=mb-ar" "COMPILER_FLAGS= -O2 -c -mcpu=v9.5 -mlittle-endian -mxl-soft-mul" "EXTRA_COMPILER_FLAGS=-g"
"Running Make include in microblaze_0/libsrc/standalone_v5_3/src"
make -C microblaze_0/libsrc/standalone_v5_3/src -s include  "SHELL=CMD" "COMPILER=mb-gcc" "ARCHIVER=mb-ar" "COMPILER_FLAGS= -O2 -c -mcpu=v9.5 -mlittle-endian -mxl-soft-mul" "EXTRA_COMPILER_FLAGS=-g"
"Running Make include in microblaze_0/libsrc/uartlite_v3_1/src"
make -C microblaze_0/libsrc/uartlite_v3_1/src -s include  "SHELL=CMD" "COMPILER=mb-gcc" "ARCHIVER=mb-ar" "COMPILER_FLAGS= -O2 -c -mcpu=v9.5 -mlittle-endian -mxl-soft-mul" "EXTRA_COMPILER_FLAGS=-g"
"Running Make libs in microblaze_0/libsrc/bram_v4_0/src"
make -C microblaze_0/libsrc/bram_v4_0/src -s libs  "SHELL=CMD" "COMPILER=mb-gcc" "ARCHIVER=mb-ar" "COMPILER_FLAGS= -O2 -c -mcpu=v9.5 -mlittle-endian -mxl-soft-mul" "EXTRA_COMPILER_FLAGS=-g"
"Compiling bram"
mb-ar: creating ../../../lib/libxil.a
"Running Make libs in microblaze_0/libsrc/cpu_v2_3/src"
make -C microblaze_0/libsrc/cpu_v2_3/src -s libs  "SHELL=CMD" "COMPILER=mb-gcc" "ARCHIVER=mb-ar" "COMPILER_FLAGS= -O2 -c -mcpu=v9.5 -mlittle-endian -mxl-soft-mul" "EXTRA_COMPILER_FLAGS=-g"
"Compiling cpu"
"Running Make libs in microblaze_0/libsrc/DigiLED_v1_0/src"
make -C microblaze_0/libsrc/DigiLED_v1_0/src -s libs  "SHELL=CMD" "COMPILER=mb-gcc" "ARCHIVER=mb-ar" "COMPILER_FLAGS= -O2 -c -mcpu=v9.5 -mlittle-endian -mxl-soft-mul" "EXTRA_COMPILER_FLAGS=-g"
"Compiling DigiLED..."
"Running Make libs in microblaze_0/libsrc/gpio_v4_0/src"
make -C microblaze_0/libsrc/gpio_v4_0/src -s libs  "SHELL=CMD" "COMPILER=mb-gcc" "ARCHIVER=mb-ar" "COMPILER_FLAGS= -O2 -c -mcpu=v9.5 -mlittle-endian -mxl-soft-mul" "EXTRA_COMPILER_FLAGS=-g"
"Compiling gpio"
"Running Make libs in microblaze_0/libsrc/standalone_v5_3/src"
make -C microblaze_0/libsrc/standalone_v5_3/src -s libs  "SHELL=CMD" "COMPILER=mb-gcc" "ARCHIVER=mb-ar" "COMPILER_FLAGS= -O2 -c -mcpu=v9.5 -mlittle-endian -mxl-soft-mul" "EXTRA_COMPILER_FLAGS=-g"
"Compiling standalone";
"Running Make libs in microblaze_0/libsrc/uartlite_v3_1/src"
make -C microblaze_0/libsrc/uartlite_v3_1/src -s libs  "SHELL=CMD" "COMPILER=mb-gcc" "ARCHIVER=mb-ar" "COMPILER_FLAGS= -O2 -c -mcpu=v9.5 -mlittle-endian -mxl-soft-mul" "EXTRA_COMPILER_FLAGS=-g"
"Compiling uartlite"
'Finished building libraries'
14:27:42 **** Auto Build of configuration Debug for project hello ****
make all 
'Building file: ../src/platform.c'
'Invoking: MicroBlaze gcc compiler'
mb-gcc -Wall -O0 -g3 -c -fmessage-length=0 -MT"src/platform.o" -I../../standalone_bsp_0/microblaze_0/include -mlittle-endian -mcpu=v9.5 -mxl-soft-mul -Wl,--no-relax -MMD -MP -MF"src/platform.d" -MT"src/platform.d" -o "src/platform.o" "../src/platform.c"
'Finished building: ../src/platform.c'
' '
'Building target: hello.elf'
'Invoking: MicroBlaze gcc linker'
mb-gcc -Wl,-T -Wl,../src/lscript.ld -L../../standalone_bsp_0/microblaze_0/lib -mlittle-endian -mcpu=v9.5 -mxl-soft-mul -Wl,--no-relax -o "hello.elf"  ./src/helloworld.o ./src/platform.o   -Wl,--start-group,-lxil,-lgcc,-lc,--end-group
'Finished building target: hello.elf'
' '
'Invoking: MicroBlaze Print Size'
mb-size hello.elf  |tee "hello.elf.size"
   text	   data	    bss	    dec	    hex	filename
   3320	    288	   3120	   6728	   1a48	hello.elf
'Finished building: hello.elf.size'
' '
14:27:42 **** Auto Build of configuration Debug for project Arty DigiLED ****
make all 
'Building file: ../src/main.c'
'Invoking: MicroBlaze gcc compiler'
mb-gcc -Wall -O0 -g3 -c -fmessage-length=0 -MT"src/main.o" -I../../standalone_bsp_0/microblaze_0/include -mlittle-endian -mcpu=v9.5 -mxl-soft-mul -Wl,--no-relax -MMD -MP -MF"src/main.d" -MT"src/main.d" -o "src/main.o" "../src/main.c"
'Finished building: ../src/main.c'
' '
'Building target: Arty DigiLED.elf'
'Invoking: MicroBlaze gcc linker'
mb-gcc -Wl,-T -Wl,../src/lscript.ld -L../../standalone_bsp_0/microblaze_0/lib -mlittle-endian -mcpu=v9.5 -mxl-soft-mul -Wl,--no-relax -o "Arty DigiLED.elf"  ./src/main.o   -Wl,--start-group,-lxil,-lgcc,-lc,--end-group
'Finished building target: Arty DigiLED.elf'
' '
'Invoking: MicroBlaze Print Size'
mb-size Arty DigiLED.elf  |tee "Arty DigiLED.elf.size"
mb-size: 'Arty': No such file
mb-size: 'DigiLED.elf': No such file
'Finished building: Arty DigiLED.elf.size'
' '
14:27:56 **** Incremental Build of configuration Debug for project hello ****
make all 
make: Nothing to be done for `all'.
14:27:56 **** Incremental Build of configuration Debug for project Arty DigiLED ****
make all 
make: Nothing to be done for `all'.
14:28:15 **** Incremental Build of configuration Debug for project hello ****
make all 
make: Nothing to be done for `all'.
14:28:15 **** Incremental Build of configuration Debug for project Arty DigiLED ****
make all 
make: Nothing to be done for `all'.
14:29:27 **** Auto Build of configuration Debug for project Arty DigiLED ****
make all 
'Building file: ../src/main.c'
'Invoking: MicroBlaze gcc compiler'
mb-gcc -Wall -O0 -g3 -c -fmessage-length=0 -MT"src/main.o" -I../../standalone_bsp_0/microblaze_0/include -mlittle-endian -mcpu=v9.5 -mxl-soft-mul -Wl,--no-relax -MMD -MP -MF"src/main.d" -MT"src/main.d" -o "src/main.o" "../src/main.c"
../src/main.c: In function 'main':
../src/main.c:83:3: warning: implicit declaration of function 'Xil_print' [-Wimplicit-function-declaration]
   Xil_print("looping");
   ^
'Finished building: ../src/main.c'
' '
'Building target: Arty DigiLED.elf'
'Invoking: MicroBlaze gcc linker'
mb-gcc -Wl,-T -Wl,../src/lscript.ld -L../../standalone_bsp_0/microblaze_0/lib -mlittle-endian -mcpu=v9.5 -mxl-soft-mul -Wl,--no-relax -o "Arty DigiLED.elf"  ./src/main.o   -Wl,--start-group,-lxil,-lgcc,-lc,--end-group
./src/main.o: In function `main':
C:\workspace\Arty_DigiLED\Arty_DigiLED.sdk\Arty DigiLED\Debug/../src/main.c:83: undefined reference to `Xil_print'
collect2.exe: error: ld returned 1 exit status
make: *** [Arty DigiLED.elf] Error 1
14:30:01 **** Incremental Build of configuration Debug for project hello ****
make all 
make: Nothing to be done for `all'.
14:30:02 **** Incremental Build of configuration Debug for project Arty DigiLED ****
make all 
'Building target: Arty DigiLED.elf'
'Invoking: MicroBlaze gcc linker'
mb-gcc -Wl,-T -Wl,../src/lscript.ld -L../../standalone_bsp_0/microblaze_0/lib -mlittle-endian -mcpu=v9.5 -mxl-soft-mul -Wl,--no-relax -o "Arty DigiLED.elf"  ./src/main.o   -Wl,--start-group,-lxil,-lgcc,-lc,--end-group
./src/main.o: In function `main':
C:\workspace\Arty_DigiLED\Arty_DigiLED.sdk\Arty DigiLED\Debug/../src/main.c:83: undefined reference to `Xil_print'
collect2.exe: error: ld returned 1 exit status
make: *** [Arty DigiLED.elf] Error 1
14:30:47 **** Auto Build of configuration Debug for project Arty DigiLED ****
make all 
'Building file: ../src/main.c'
'Invoking: MicroBlaze gcc compiler'
mb-gcc -Wall -O0 -g3 -c -fmessage-length=0 -MT"src/main.o" -I../../standalone_bsp_0/microblaze_0/include -mlittle-endian -mcpu=v9.5 -mxl-soft-mul -Wl,--no-relax -MMD -MP -MF"src/main.d" -MT"src/main.d" -o "src/main.o" "../src/main.c"
'Finished building: ../src/main.c'
' '
'Building target: Arty DigiLED.elf'
'Invoking: MicroBlaze gcc linker'
mb-gcc -Wl,-T -Wl,../src/lscript.ld -L../../standalone_bsp_0/microblaze_0/lib -mlittle-endian -mcpu=v9.5 -mxl-soft-mul -Wl,--no-relax -o "Arty DigiLED.elf"  ./src/main.o   -Wl,--start-group,-lxil,-lgcc,-lc,--end-group
'Finished building target: Arty DigiLED.elf'
' '
'Invoking: MicroBlaze Print Size'
mb-size Arty DigiLED.elf  |tee "Arty DigiLED.elf.size"
mb-size: 'Arty': No such file
mb-size: 'DigiLED.elf': No such file
'Finished building: Arty DigiLED.elf.size'
' '
14:30:54 **** Incremental Build of configuration Debug for project hello ****
make all 
make: Nothing to be done for `all'.
14:30:55 **** Incremental Build of configuration Debug for project Arty DigiLED ****
make all 
make: Nothing to be done for `all'.
14:31:07 **** Incremental Build of configuration Debug for project hello ****
make all 
make: Nothing to be done for `all'.
14:31:08 **** Incremental Build of configuration Debug for project Arty DigiLED ****
make all 
make: Nothing to be done for `all'.
14:32:15 **** Incremental Build of configuration Debug for project hello ****
make all 
make: Nothing to be done for `all'.
14:32:15 **** Incremental Build of configuration Debug for project Arty DigiLED ****
make all 
make: Nothing to be done for `all'.
14:33:02 **** Incremental Build of configuration Debug for project hello ****
make all 
make: Nothing to be done for `all'.
14:33:03 **** Incremental Build of configuration Debug for project Arty DigiLED ****
make all 
make: Nothing to be done for `all'.
14:34:54 **** Incremental Build of configuration Debug for project hello ****
make all 
make: Nothing to be done for `all'.
14:34:54 **** Incremental Build of configuration Debug for project Arty DigiLED ****
make all 
make: Nothing to be done for `all'.
14:35:24 **** Incremental Build of configuration Debug for project hello ****
make all 
make: Nothing to be done for `all'.
14:35:24 **** Incremental Build of configuration Debug for project Arty DigiLED ****
make all 
make: Nothing to be done for `all'.
14:36:17 **** Incremental Build of configuration Debug for project hello ****
make all 
make: Nothing to be done for `all'.
14:36:17 **** Incremental Build of configuration Debug for project Arty DigiLED ****
make all 
make: Nothing to be done for `all'.
14:37:45 **** Incremental Build of configuration Debug for project hello ****
make all 
make: Nothing to be done for `all'.
14:37:46 **** Incremental Build of configuration Debug for project Arty DigiLED ****
make all 
make: Nothing to be done for `all'.
14:38:09 **** Incremental Build of configuration Debug for project hello ****
make all 
make: Nothing to be done for `all'.
14:38:09 **** Incremental Build of configuration Debug for project Arty DigiLED ****
make all 
make: Nothing to be done for `all'.
14:38:38 **** Incremental Build of configuration Debug for project hello ****
make all 
make: Nothing to be done for `all'.
14:38:38 **** Incremental Build of configuration Debug for project Arty DigiLED ****
make all 
make: Nothing to be done for `all'.
14:40:08 **** Auto Build of configuration Debug for project Arty DigiLED ****
make all 
'Building file: ../src/main.c'
'Invoking: MicroBlaze gcc compiler'
mb-gcc -Wall -O0 -g3 -c -fmessage-length=0 -MT"src/main.o" -I../../standalone_bsp_0/microblaze_0/include -mlittle-endian -mcpu=v9.5 -mxl-soft-mul -Wl,--no-relax -MMD -MP -MF"src/main.d" -MT"src/main.d" -o "src/main.o" "../src/main.c"
../src/main.c: In function 'main':
../src/main.c:85:2: warning: implicit declaration of function 'enable_leds' [-Wimplicit-function-declaration]
  enable_leds();
  ^
../src/main.c:87:2: warning: implicit declaration of function 'HSVsetLEDColor' [-Wimplicit-function-declaration]
  HSVsetLEDColor(5, 0, 0, 255);
  ^
'Finished building: ../src/main.c'
' '
'Building target: Arty DigiLED.elf'
'Invoking: MicroBlaze gcc linker'
mb-gcc -Wl,-T -Wl,../src/lscript.ld -L../../standalone_bsp_0/microblaze_0/lib -mlittle-endian -mcpu=v9.5 -mxl-soft-mul -Wl,--no-relax -o "Arty DigiLED.elf"  ./src/main.o   -Wl,--start-group,-lxil,-lgcc,-lc,--end-group
'Finished building target: Arty DigiLED.elf'
' '
'Invoking: MicroBlaze Print Size'
mb-size Arty DigiLED.elf  |tee "Arty DigiLED.elf.size"
mb-size: 'Arty': No such file
mb-size: 'DigiLED.elf': No such file
'Finished building: Arty DigiLED.elf.size'
' '
14:40:15 **** Auto Build of configuration Debug for project Arty DigiLED ****
make all 
'Building file: ../src/main.c'
'Invoking: MicroBlaze gcc compiler'
mb-gcc -Wall -O0 -g3 -c -fmessage-length=0 -MT"src/main.o" -I../../standalone_bsp_0/microblaze_0/include -mlittle-endian -mcpu=v9.5 -mxl-soft-mul -Wl,--no-relax -MMD -MP -MF"src/main.d" -MT"src/main.d" -o "src/main.o" "../src/main.c"
'Finished building: ../src/main.c'
' '
'Building target: Arty DigiLED.elf'
'Invoking: MicroBlaze gcc linker'
mb-gcc -Wl,-T -Wl,../src/lscript.ld -L../../standalone_bsp_0/microblaze_0/lib -mlittle-endian -mcpu=v9.5 -mxl-soft-mul -Wl,--no-relax -o "Arty DigiLED.elf"  ./src/main.o   -Wl,--start-group,-lxil,-lgcc,-lc,--end-group
'Finished building target: Arty DigiLED.elf'
' '
'Invoking: MicroBlaze Print Size'
mb-size Arty DigiLED.elf  |tee "Arty DigiLED.elf.size"
mb-size: 'Arty': No such file
mb-size: 'DigiLED.elf': No such file
'Finished building: Arty DigiLED.elf.size'
' '
14:40:20 **** Incremental Build of configuration Debug for project hello ****
make all 
make: Nothing to be done for `all'.
14:40:20 **** Incremental Build of configuration Debug for project Arty DigiLED ****
make all 
make: Nothing to be done for `all'.

**** Build of configuration Debug for project Arty_DigiLED ****

Nothing to build for project Arty_DigiLED
14:44:13 **** Auto Build of configuration Debug for project Arty_DigiLED ****
make all 
'Building file: ../src/main.c'
'Invoking: MicroBlaze gcc compiler'
mb-gcc -Wall -O0 -g3 -c -fmessage-length=0 -MT"src/main.o" -I../../standalone_bsp_0/microblaze_0/include -mlittle-endian -mcpu=v9.5 -mxl-soft-mul -Wl,--no-relax -MMD -MP -MF"src/main.d" -MT"src/main.d" -o "src/main.o" "../src/main.c"
'Finished building: ../src/main.c'
' '
'Building target: Arty_DigiLED.elf'
'Invoking: MicroBlaze gcc linker'
mb-gcc -Wl,-T -Wl,../src/lscript.ld -L../../standalone_bsp_0/microblaze_0/lib -mlittle-endian -mcpu=v9.5 -mxl-soft-mul -Wl,--no-relax -o "Arty_DigiLED.elf"  ./src/main.o   -Wl,--start-group,-lxil,-lgcc,-lc,--end-group
c:/xilinx/sdk/2015.4/gnu/microblaze/nt/bin/../lib/gcc/microblaze-xilinx-elf/4.9.2/../../../../microblaze-xilinx-elf/lib/le/crtinit.o: In function `_crtinit':
(.text+0x78): undefined reference to `main'
collect2.exe: error: ld returned 1 exit status
make: *** [Arty_DigiLED.elf] Error 1
14:44:45 **** Auto Build of configuration Debug for project Arty_DigiLED ****
make all 
'Building file: ../src/main.c'
'Invoking: MicroBlaze gcc compiler'
mb-gcc -Wall -O0 -g3 -c -fmessage-length=0 -MT"src/main.o" -I../../standalone_bsp_0/microblaze_0/include -mlittle-endian -mcpu=v9.5 -mxl-soft-mul -Wl,--no-relax -MMD -MP -MF"src/main.d" -MT"src/main.d" -o "src/main.o" "../src/main.c"
../src/main.c: In function 'main':
../src/main.c:11:5: warning: implicit declaration of function 'init_platform' [-Wimplicit-function-declaration]
     init_platform();
     ^
../src/main.c:15:5: warning: implicit declaration of function 'cleanup_platform' [-Wimplicit-function-declaration]
     cleanup_platform();
     ^
'Finished building: ../src/main.c'
' '
'Building target: Arty_DigiLED.elf'
'Invoking: MicroBlaze gcc linker'
mb-gcc -Wl,-T -Wl,../src/lscript.ld -L../../standalone_bsp_0/microblaze_0/lib -mlittle-endian -mcpu=v9.5 -mxl-soft-mul -Wl,--no-relax -o "Arty_DigiLED.elf"  ./src/main.o   -Wl,--start-group,-lxil,-lgcc,-lc,--end-group
./src/main.o: In function `main':
C:\workspace\Arty_DigiLED\Arty_DigiLED.sdk\Arty_DigiLED\Debug/../src/main.c:11: undefined reference to `init_platform'
C:\workspace\Arty_DigiLED\Arty_DigiLED.sdk\Arty_DigiLED\Debug/../src/main.c:15: undefined reference to `cleanup_platform'
collect2.exe: error: ld returned 1 exit status
make: *** [Arty_DigiLED.elf] Error 1
14:44:51 **** Auto Build of configuration Debug for project Arty_DigiLED ****
make all 
'Building file: ../src/main.c'
'Invoking: MicroBlaze gcc compiler'
mb-gcc -Wall -O0 -g3 -c -fmessage-length=0 -MT"src/main.o" -I../../standalone_bsp_0/microblaze_0/include -mlittle-endian -mcpu=v9.5 -mxl-soft-mul -Wl,--no-relax -MMD -MP -MF"src/main.d" -MT"src/main.d" -o "src/main.o" "../src/main.c"
'Finished building: ../src/main.c'
' '
'Building target: Arty_DigiLED.elf'
'Invoking: MicroBlaze gcc linker'
mb-gcc -Wl,-T -Wl,../src/lscript.ld -L../../standalone_bsp_0/microblaze_0/lib -mlittle-endian -mcpu=v9.5 -mxl-soft-mul -Wl,--no-relax -o "Arty_DigiLED.elf"  ./src/main.o   -Wl,--start-group,-lxil,-lgcc,-lc,--end-group
'Finished building target: Arty_DigiLED.elf'
' '
'Invoking: MicroBlaze Print Size'
mb-size Arty_DigiLED.elf  |tee "Arty_DigiLED.elf.size"
   text	   data	    bss	    dec	    hex	filename
   2724	    288	   3124	   6136	   17f8	Arty_DigiLED.elf
'Finished building: Arty_DigiLED.elf.size'
' '
14:44:55 **** Incremental Build of configuration Debug for project hello ****
make all 
make: Nothing to be done for `all'.
14:44:55 **** Incremental Build of configuration Debug for project Arty_DigiLED ****
make all 
make: Nothing to be done for `all'.
14:45:33 **** Incremental Build of configuration Debug for project hello ****
make all 
make: Nothing to be done for `all'.
14:45:33 **** Incremental Build of configuration Debug for project Arty_DigiLED ****
make all 
make: Nothing to be done for `all'.
14:46:06 **** Incremental Build of configuration Debug for project hello ****
make all 
make: Nothing to be done for `all'.
14:46:06 **** Incremental Build of configuration Debug for project Arty_DigiLED ****
make all 
make: Nothing to be done for `all'.
14:46:26 **** Auto Build of configuration Debug for project Arty_DigiLED ****
make all 
'Building file: ../src/main.c'
'Invoking: MicroBlaze gcc compiler'
mb-gcc -Wall -O0 -g3 -c -fmessage-length=0 -MT"src/main.o" -I../../standalone_bsp_0/microblaze_0/include -mlittle-endian -mcpu=v9.5 -mxl-soft-mul -Wl,--no-relax -MMD -MP -MF"src/main.d" -MT"src/main.d" -o "src/main.o" "../src/main.c"
'Finished building: ../src/main.c'
' '
'Building target: Arty_DigiLED.elf'
'Invoking: MicroBlaze gcc linker'
mb-gcc -Wl,-T -Wl,../src/lscript.ld -L../../standalone_bsp_0/microblaze_0/lib -mlittle-endian -mcpu=v9.5 -mxl-soft-mul -Wl,--no-relax -o "Arty_DigiLED.elf"  ./src/main.o   -Wl,--start-group,-lxil,-lgcc,-lc,--end-group
'Finished building target: Arty_DigiLED.elf'
' '
'Invoking: MicroBlaze Print Size'
mb-size Arty_DigiLED.elf  |tee "Arty_DigiLED.elf.size"
   text	   data	    bss	    dec	    hex	filename
   2700	    288	   3124	   6112	   17e0	Arty_DigiLED.elf
'Finished building: Arty_DigiLED.elf.size'
' '
14:46:29 **** Incremental Build of configuration Debug for project hello ****
make all 
make: Nothing to be done for `all'.
14:46:29 **** Incremental Build of configuration Debug for project Arty_DigiLED ****
make all 
make: Nothing to be done for `all'.
14:46:56 **** Auto Build of configuration Debug for project Arty_DigiLED ****
make all 
'Building file: ../src/main.c'
'Invoking: MicroBlaze gcc compiler'
mb-gcc -Wall -O0 -g3 -c -fmessage-length=0 -MT"src/main.o" -I../../standalone_bsp_0/microblaze_0/include -mlittle-endian -mcpu=v9.5 -mxl-soft-mul -Wl,--no-relax -MMD -MP -MF"src/main.d" -MT"src/main.d" -o "src/main.o" "../src/main.c"
'Finished building: ../src/main.c'
' '
'Building target: Arty_DigiLED.elf'
'Invoking: MicroBlaze gcc linker'
mb-gcc -Wl,-T -Wl,../src/lscript.ld -L../../standalone_bsp_0/microblaze_0/lib -mlittle-endian -mcpu=v9.5 -mxl-soft-mul -Wl,--no-relax -o "Arty_DigiLED.elf"  ./src/main.o   -Wl,--start-group,-lxil,-lgcc,-lc,--end-group
'Finished building target: Arty_DigiLED.elf'
' '
'Invoking: MicroBlaze Print Size'
mb-size Arty_DigiLED.elf  |tee "Arty_DigiLED.elf.size"
   text	   data	    bss	    dec	    hex	filename
   2700	    288	   3124	   6112	   17e0	Arty_DigiLED.elf
'Finished building: Arty_DigiLED.elf.size'
' '
14:47:01 **** Incremental Build of configuration Debug for project hello ****
make all 
make: Nothing to be done for `all'.
14:47:01 **** Incremental Build of configuration Debug for project Arty_DigiLED ****
make all 
make: Nothing to be done for `all'.
14:50:12 **** Auto Build of configuration Debug for project Arty_DigiLED ****
make all 
'Building file: ../src/main.c'
'Invoking: MicroBlaze gcc compiler'
mb-gcc -Wall -O0 -g3 -c -fmessage-length=0 -MT"src/main.o" -I../../standalone_bsp_0/microblaze_0/include -mlittle-endian -mcpu=v9.5 -mxl-soft-mul -Wl,--no-relax -MMD -MP -MF"src/main.d" -MT"src/main.d" -o "src/main.o" "../src/main.c"
'Finished building: ../src/main.c'
' '
'Building target: Arty_DigiLED.elf'
'Invoking: MicroBlaze gcc linker'
mb-gcc -Wl,-T -Wl,../src/lscript.ld -L../../standalone_bsp_0/microblaze_0/lib -mlittle-endian -mcpu=v9.5 -mxl-soft-mul -Wl,--no-relax -o "Arty_DigiLED.elf"  ./src/main.o   -Wl,--start-group,-lxil,-lgcc,-lc,--end-group
'Finished building target: Arty_DigiLED.elf'
' '
'Invoking: MicroBlaze Print Size'
mb-size Arty_DigiLED.elf  |tee "Arty_DigiLED.elf.size"
   text	   data	    bss	    dec	    hex	filename
   2700	    288	   3124	   6112	   17e0	Arty_DigiLED.elf
'Finished building: Arty_DigiLED.elf.size'
' '
14:50:13 **** Auto Build of configuration Debug for project Arty_DigiLED ****
make all 
'Building file: ../src/main.c'
'Invoking: MicroBlaze gcc compiler'
mb-gcc -Wall -O0 -g3 -c -fmessage-length=0 -MT"src/main.o" -I../../standalone_bsp_0/microblaze_0/include -mlittle-endian -mcpu=v9.5 -mxl-soft-mul -Wl,--no-relax -MMD -MP -MF"src/main.d" -MT"src/main.d" -o "src/main.o" "../src/main.c"
'Finished building: ../src/main.c'
' '
'Building target: Arty_DigiLED.elf'
'Invoking: MicroBlaze gcc linker'
mb-gcc -Wl,-T -Wl,../src/lscript.ld -L../../standalone_bsp_0/microblaze_0/lib -mlittle-endian -mcpu=v9.5 -mxl-soft-mul -Wl,--no-relax -o "Arty_DigiLED.elf"  ./src/main.o   -Wl,--start-group,-lxil,-lgcc,-lc,--end-group
'Finished building target: Arty_DigiLED.elf'
' '
'Invoking: MicroBlaze Print Size'
mb-size Arty_DigiLED.elf  |tee "Arty_DigiLED.elf.size"
   text	   data	    bss	    dec	    hex	filename
   2700	    288	   3124	   6112	   17e0	Arty_DigiLED.elf
'Finished building: Arty_DigiLED.elf.size'
' '
14:50:15 **** Auto Build of configuration Debug for project Arty_DigiLED ****
make all 
'Building file: ../src/main.c'
'Invoking: MicroBlaze gcc compiler'
mb-gcc -Wall -O0 -g3 -c -fmessage-length=0 -MT"src/main.o" -I../../standalone_bsp_0/microblaze_0/include -mlittle-endian -mcpu=v9.5 -mxl-soft-mul -Wl,--no-relax -MMD -MP -MF"src/main.d" -MT"src/main.d" -o "src/main.o" "../src/main.c"
'Finished building: ../src/main.c'
' '
'Building target: Arty_DigiLED.elf'
'Invoking: MicroBlaze gcc linker'
mb-gcc -Wl,-T -Wl,../src/lscript.ld -L../../standalone_bsp_0/microblaze_0/lib -mlittle-endian -mcpu=v9.5 -mxl-soft-mul -Wl,--no-relax -o "Arty_DigiLED.elf"  ./src/main.o   -Wl,--start-group,-lxil,-lgcc,-lc,--end-group
'Finished building target: Arty_DigiLED.elf'
' '
'Invoking: MicroBlaze Print Size'
mb-size Arty_DigiLED.elf  |tee "Arty_DigiLED.elf.size"
   text	   data	    bss	    dec	    hex	filename
   3192	    288	   3120	   6600	   19c8	Arty_DigiLED.elf
'Finished building: Arty_DigiLED.elf.size'
' '
14:51:25 **** Auto Build of configuration Debug for project Arty_DigiLED ****
make all 
'Building file: ../src/main.c'
'Invoking: MicroBlaze gcc compiler'
mb-gcc -Wall -O0 -g3 -c -fmessage-length=0 -MT"src/main.o" -I../../standalone_bsp_0/microblaze_0/include -mlittle-endian -mcpu=v9.5 -mxl-soft-mul -Wl,--no-relax -MMD -MP -MF"src/main.d" -MT"src/main.d" -o "src/main.o" "../src/main.c"
'Finished building: ../src/main.c'
' '
'Building target: Arty_DigiLED.elf'
'Invoking: MicroBlaze gcc linker'
mb-gcc -Wl,-T -Wl,../src/lscript.ld -L../../standalone_bsp_0/microblaze_0/lib -mlittle-endian -mcpu=v9.5 -mxl-soft-mul -Wl,--no-relax -o "Arty_DigiLED.elf"  ./src/main.o   -Wl,--start-group,-lxil,-lgcc,-lc,--end-group
'Finished building target: Arty_DigiLED.elf'
' '
'Invoking: MicroBlaze Print Size'
mb-size Arty_DigiLED.elf  |tee "Arty_DigiLED.elf.size"
   text	   data	    bss	    dec	    hex	filename
   3232	    288	   3120	   6640	   19f0	Arty_DigiLED.elf
'Finished building: Arty_DigiLED.elf.size'
' '
14:51:32 **** Incremental Build of configuration Debug for project hello ****
make all 
make: Nothing to be done for `all'.
14:51:32 **** Incremental Build of configuration Debug for project Arty_DigiLED ****
make all 
make: Nothing to be done for `all'.
14:51:48 **** Incremental Build of configuration Debug for project hello ****
make all 
make: Nothing to be done for `all'.
14:51:48 **** Incremental Build of configuration Debug for project Arty_DigiLED ****
make all 
make: Nothing to be done for `all'.
14:53:05 **** Auto Build of configuration Debug for project Arty_DigiLED ****
make all 
'Building file: ../src/main.c'
'Invoking: MicroBlaze gcc compiler'
mb-gcc -Wall -O0 -g3 -c -fmessage-length=0 -MT"src/main.o" -I../../standalone_bsp_0/microblaze_0/include -mlittle-endian -mcpu=v9.5 -mxl-soft-mul -Wl,--no-relax -MMD -MP -MF"src/main.d" -MT"src/main.d" -o "src/main.o" "../src/main.c"
'Finished building: ../src/main.c'
' '
'Building target: Arty_DigiLED.elf'
'Invoking: MicroBlaze gcc linker'
mb-gcc -Wl,-T -Wl,../src/lscript.ld -L../../standalone_bsp_0/microblaze_0/lib -mlittle-endian -mcpu=v9.5 -mxl-soft-mul -Wl,--no-relax -o "Arty_DigiLED.elf"  ./src/main.o   -Wl,--start-group,-lxil,-lgcc,-lc,--end-group
'Finished building target: Arty_DigiLED.elf'
' '
'Invoking: MicroBlaze Print Size'
mb-size Arty_DigiLED.elf  |tee "Arty_DigiLED.elf.size"
   text	   data	    bss	    dec	    hex	filename
   3232	    288	   3120	   6640	   19f0	Arty_DigiLED.elf
'Finished building: Arty_DigiLED.elf.size'
' '
14:53:08 **** Incremental Build of configuration Debug for project hello ****
make all 
make: Nothing to be done for `all'.
14:53:09 **** Incremental Build of configuration Debug for project Arty_DigiLED ****
make all 
make: Nothing to be done for `all'.
14:53:31 **** Auto Build of configuration Debug for project Arty_DigiLED ****
make all 
'Building file: ../src/main.c'
'Invoking: MicroBlaze gcc compiler'
mb-gcc -Wall -O0 -g3 -c -fmessage-length=0 -MT"src/main.o" -I../../standalone_bsp_0/microblaze_0/include -mlittle-endian -mcpu=v9.5 -mxl-soft-mul -Wl,--no-relax -MMD -MP -MF"src/main.d" -MT"src/main.d" -o "src/main.o" "../src/main.c"
'Finished building: ../src/main.c'
' '
'Building target: Arty_DigiLED.elf'
'Invoking: MicroBlaze gcc linker'
mb-gcc -Wl,-T -Wl,../src/lscript.ld -L../../standalone_bsp_0/microblaze_0/lib -mlittle-endian -mcpu=v9.5 -mxl-soft-mul -Wl,--no-relax -o "Arty_DigiLED.elf"  ./src/main.o   -Wl,--start-group,-lxil,-lgcc,-lc,--end-group
'Finished building target: Arty_DigiLED.elf'
' '
'Invoking: MicroBlaze Print Size'
mb-size Arty_DigiLED.elf  |tee "Arty_DigiLED.elf.size"
   text	   data	    bss	    dec	    hex	filename
   3216	    288	   3120	   6624	   19e0	Arty_DigiLED.elf
'Finished building: Arty_DigiLED.elf.size'
' '
14:53:32 **** Incremental Build of configuration Debug for project hello ****
make all 
make: Nothing to be done for `all'.
14:53:32 **** Incremental Build of configuration Debug for project Arty_DigiLED ****
make all 
make: Nothing to be done for `all'.
14:53:40 **** Auto Build of configuration Debug for project Arty_DigiLED ****
make all 
'Building file: ../src/main.c'
'Invoking: MicroBlaze gcc compiler'
mb-gcc -Wall -O0 -g3 -c -fmessage-length=0 -MT"src/main.o" -I../../standalone_bsp_0/microblaze_0/include -mlittle-endian -mcpu=v9.5 -mxl-soft-mul -Wl,--no-relax -MMD -MP -MF"src/main.d" -MT"src/main.d" -o "src/main.o" "../src/main.c"
'Finished building: ../src/main.c'
' '
'Building target: Arty_DigiLED.elf'
'Invoking: MicroBlaze gcc linker'
mb-gcc -Wl,-T -Wl,../src/lscript.ld -L../../standalone_bsp_0/microblaze_0/lib -mlittle-endian -mcpu=v9.5 -mxl-soft-mul -Wl,--no-relax -o "Arty_DigiLED.elf"  ./src/main.o   -Wl,--start-group,-lxil,-lgcc,-lc,--end-group
'Finished building target: Arty_DigiLED.elf'
' '
'Invoking: MicroBlaze Print Size'
mb-size Arty_DigiLED.elf  |tee "Arty_DigiLED.elf.size"
   text	   data	    bss	    dec	    hex	filename
   3204	    288	   3124	   6616	   19d8	Arty_DigiLED.elf
'Finished building: Arty_DigiLED.elf.size'
' '
14:53:44 **** Incremental Build of configuration Debug for project hello ****
make all 
make: Nothing to be done for `all'.
14:53:44 **** Incremental Build of configuration Debug for project Arty_DigiLED ****
make all 
make: Nothing to be done for `all'.
14:54:47 **** Auto Build of configuration Debug for project Arty_DigiLED ****
make all 
'Building file: ../src/main.c'
'Invoking: MicroBlaze gcc compiler'
mb-gcc -Wall -O0 -g3 -c -fmessage-length=0 -MT"src/main.o" -I../../standalone_bsp_0/microblaze_0/include -mlittle-endian -mcpu=v9.5 -mxl-soft-mul -Wl,--no-relax -MMD -MP -MF"src/main.d" -MT"src/main.d" -o "src/main.o" "../src/main.c"
'Finished building: ../src/main.c'
' '
'Building target: Arty_DigiLED.elf'
'Invoking: MicroBlaze gcc linker'
mb-gcc -Wl,-T -Wl,../src/lscript.ld -L../../standalone_bsp_0/microblaze_0/lib -mlittle-endian -mcpu=v9.5 -mxl-soft-mul -Wl,--no-relax -o "Arty_DigiLED.elf"  ./src/main.o   -Wl,--start-group,-lxil,-lgcc,-lc,--end-group
'Finished building target: Arty_DigiLED.elf'
' '
'Invoking: MicroBlaze Print Size'
mb-size Arty_DigiLED.elf  |tee "Arty_DigiLED.elf.size"
   text	   data	    bss	    dec	    hex	filename
   3204	    288	   3124	   6616	   19d8	Arty_DigiLED.elf
'Finished building: Arty_DigiLED.elf.size'
' '
14:54:50 **** Auto Build of configuration Debug for project Arty_DigiLED ****
make all 
'Building file: ../src/main.c'
'Invoking: MicroBlaze gcc compiler'
mb-gcc -Wall -O0 -g3 -c -fmessage-length=0 -MT"src/main.o" -I../../standalone_bsp_0/microblaze_0/include -mlittle-endian -mcpu=v9.5 -mxl-soft-mul -Wl,--no-relax -MMD -MP -MF"src/main.d" -MT"src/main.d" -o "src/main.o" "../src/main.c"
'Finished building: ../src/main.c'
' '
'Building target: Arty_DigiLED.elf'
'Invoking: MicroBlaze gcc linker'
mb-gcc -Wl,-T -Wl,../src/lscript.ld -L../../standalone_bsp_0/microblaze_0/lib -mlittle-endian -mcpu=v9.5 -mxl-soft-mul -Wl,--no-relax -o "Arty_DigiLED.elf"  ./src/main.o   -Wl,--start-group,-lxil,-lgcc,-lc,--end-group
'Finished building target: Arty_DigiLED.elf'
' '
'Invoking: MicroBlaze Print Size'
mb-size Arty_DigiLED.elf  |tee "Arty_DigiLED.elf.size"
   text	   data	    bss	    dec	    hex	filename
   3216	    288	   3120	   6624	   19e0	Arty_DigiLED.elf
'Finished building: Arty_DigiLED.elf.size'
' '
14:54:54 **** Incremental Build of configuration Debug for project hello ****
make all 
make: Nothing to be done for `all'.
14:54:54 **** Incremental Build of configuration Debug for project Arty_DigiLED ****
make all 
make: Nothing to be done for `all'.
14:56:15 **** Auto Build of configuration Debug for project Arty_DigiLED ****
make all 
'Building file: ../src/main.c'
'Invoking: MicroBlaze gcc compiler'
mb-gcc -Wall -O0 -g3 -c -fmessage-length=0 -MT"src/main.o" -I../../standalone_bsp_0/microblaze_0/include -mlittle-endian -mcpu=v9.5 -mxl-soft-mul -Wl,--no-relax -MMD -MP -MF"src/main.d" -MT"src/main.d" -o "src/main.o" "../src/main.c"
'Finished building: ../src/main.c'
' '
'Building target: Arty_DigiLED.elf'
'Invoking: MicroBlaze gcc linker'
mb-gcc -Wl,-T -Wl,../src/lscript.ld -L../../standalone_bsp_0/microblaze_0/lib -mlittle-endian -mcpu=v9.5 -mxl-soft-mul -Wl,--no-relax -o "Arty_DigiLED.elf"  ./src/main.o   -Wl,--start-group,-lxil,-lgcc,-lc,--end-group
'Finished building target: Arty_DigiLED.elf'
' '
'Invoking: MicroBlaze Print Size'
mb-size Arty_DigiLED.elf  |tee "Arty_DigiLED.elf.size"
   text	   data	    bss	    dec	    hex	filename
   3232	    288	   3120	   6640	   19f0	Arty_DigiLED.elf
'Finished building: Arty_DigiLED.elf.size'
' '
14:56:19 **** Incremental Build of configuration Debug for project hello ****
make all 
make: Nothing to be done for `all'.
14:56:19 **** Incremental Build of configuration Debug for project Arty_DigiLED ****
make all 
make: Nothing to be done for `all'.
14:56:39 **** Incremental Build of configuration Debug for project hello ****
make all 
make: Nothing to be done for `all'.
14:56:40 **** Incremental Build of configuration Debug for project Arty_DigiLED ****
make all 
make: Nothing to be done for `all'.
15:17:25 **** Incremental Build of configuration Debug for project hello ****
make all 
'Building file: ../src/platform.c'
'Invoking: MicroBlaze gcc compiler'
mb-gcc -Wall -O0 -g3 -c -fmessage-length=0 -MT"src/platform.o" -I../../standalone_bsp_0/microblaze_0/include -mlittle-endian -mcpu=v9.5 -mxl-soft-mul -Wl,--no-relax -MMD -MP -MF"src/platform.d" -MT"src/platform.d" -o "src/platform.o" "../src/platform.c"
../src/platform.c:34:23: fatal error: xil_cache.h: No such file or directory
 #include "xil_cache.h"
                       ^
compilation terminated.
make: *** [src/platform.o] Error 1
15:17:26 **** Incremental Build of configuration Debug for project Arty_DigiLED ****
make all 
'Building file: ../src/main.c'
'Invoking: MicroBlaze gcc compiler'
mb-gcc -Wall -O0 -g3 -c -fmessage-length=0 -MT"src/main.o" -I../../standalone_bsp_0/microblaze_0/include -mlittle-endian -mcpu=v9.5 -mxl-soft-mul -Wl,--no-relax -MMD -MP -MF"src/main.d" -MT"src/main.d" -o "src/main.o" "../src/main.c"
../src/main.c:6:21: fatal error: DigiLED.h: No such file or directory
 #include "DigiLED.h"
                     ^
compilation terminated.
make: *** [src/main.o] Error 1
15:18:08 **** Incremental Build of configuration Debug for project hello ****
make all 
'Building file: ../src/platform.c'
'Invoking: MicroBlaze gcc compiler'
mb-gcc -Wall -O0 -g3 -c -fmessage-length=0 -MT"src/platform.o" -I../../standalone_bsp_0/microblaze_0/include -mlittle-endian -mcpu=v9.5 -mxl-soft-mul -Wl,--no-relax -MMD -MP -MF"src/platform.d" -MT"src/platform.d" -o "src/platform.o" "../src/platform.c"
../src/platform.c:34:23: fatal error: xil_cache.h: No such file or directory
 #include "xil_cache.h"
                       ^
compilation terminated.
make: *** [src/platform.o] Error 1
15:18:08 **** Incremental Build of configuration Debug for project Arty_DigiLED ****
make all 
'Building file: ../src/main.c'
'Invoking: MicroBlaze gcc compiler'
mb-gcc -Wall -O0 -g3 -c -fmessage-length=0 -MT"src/main.o" -I../../standalone_bsp_0/microblaze_0/include -mlittle-endian -mcpu=v9.5 -mxl-soft-mul -Wl,--no-relax -MMD -MP -MF"src/main.d" -MT"src/main.d" -o "src/main.o" "../src/main.c"
../src/main.c:6:21: fatal error: DigiLED.h: No such file or directory
 #include "DigiLED.h"
                     ^
compilation terminated.
make: *** [src/main.o] Error 1
15:18:14 **** Incremental Build of configuration Debug for project hello ****
make all 
'Building file: ../src/platform.c'
'Invoking: MicroBlaze gcc compiler'
mb-gcc -Wall -O0 -g3 -c -fmessage-length=0 -MT"src/platform.o" -I../../standalone_bsp_0/microblaze_0/include -mlittle-endian -mcpu=v9.5 -mxl-soft-mul -Wl,--no-relax -MMD -MP -MF"src/platform.d" -MT"src/platform.d" -o "src/platform.o" "../src/platform.c"
../src/platform.c:34:23: fatal error: xil_cache.h: No such file or directory
 #include "xil_cache.h"
                       ^
compilation terminated.
make: *** [src/platform.o] Error 1
15:18:15 **** Incremental Build of configuration Debug for project Arty_DigiLED ****
make all 
'Building file: ../src/main.c'
'Invoking: MicroBlaze gcc compiler'
mb-gcc -Wall -O0 -g3 -c -fmessage-length=0 -MT"src/main.o" -I../../standalone_bsp_0/microblaze_0/include -mlittle-endian -mcpu=v9.5 -mxl-soft-mul -Wl,--no-relax -MMD -MP -MF"src/main.d" -MT"src/main.d" -o "src/main.o" "../src/main.c"
../src/main.c:6:21: fatal error: DigiLED.h: No such file or directory
 #include "DigiLED.h"
                     ^
compilation terminated.
make: *** [src/main.o] Error 1
15:18:54 **** Auto Build of configuration Debug for project Arty_DigiLED ****
make all 
'Building file: ../src/main.c'
'Invoking: MicroBlaze gcc compiler'
mb-gcc -Wall -O0 -g3 -c -fmessage-length=0 -MT"src/main.o" -I../../standalone_bsp_0/microblaze_0/include -mlittle-endian -mcpu=v9.5 -mxl-soft-mul -Wl,--no-relax -MMD -MP -MF"src/main.d" -MT"src/main.d" -o "src/main.o" "../src/main.c"
../src/main.c:6:21: fatal error: DigiLED.h: No such file or directory
 #include <DigiLED.h>
                     ^
compilation terminated.
make: *** [src/main.o] Error 1
15:19:06 **** Auto Build of configuration Debug for project Arty_DigiLED ****
make all 
'Building file: ../src/main.c'
'Invoking: MicroBlaze gcc compiler'
mb-gcc -Wall -O0 -g3 -c -fmessage-length=0 -MT"src/main.o" -I../../standalone_bsp_0/microblaze_0/include -mlittle-endian -mcpu=v9.5 -mxl-soft-mul -Wl,--no-relax -MMD -MP -MF"src/main.d" -MT"src/main.d" -o "src/main.o" "../src/main.c"
../src/main.c:6:21: fatal error: DigiLED.h: No such file or directory
 #include "DigiLED.h"
                     ^
compilation terminated.
make: *** [src/main.o] Error 1
15:19:09 **** Incremental Build of configuration Debug for project hello ****
make all 
'Building file: ../src/platform.c'
'Invoking: MicroBlaze gcc compiler'
mb-gcc -Wall -O0 -g3 -c -fmessage-length=0 -MT"src/platform.o" -I../../standalone_bsp_0/microblaze_0/include -mlittle-endian -mcpu=v9.5 -mxl-soft-mul -Wl,--no-relax -MMD -MP -MF"src/platform.d" -MT"src/platform.d" -o "src/platform.o" "../src/platform.c"
../src/platform.c:34:23: fatal error: xil_cache.h: No such file or directory
 #include "xil_cache.h"
                       ^
compilation terminated.
make: *** [src/platform.o] Error 1
15:19:09 **** Incremental Build of configuration Debug for project Arty_DigiLED ****
make all 
'Building file: ../src/main.c'
'Invoking: MicroBlaze gcc compiler'
mb-gcc -Wall -O0 -g3 -c -fmessage-length=0 -MT"src/main.o" -I../../standalone_bsp_0/microblaze_0/include -mlittle-endian -mcpu=v9.5 -mxl-soft-mul -Wl,--no-relax -MMD -MP -MF"src/main.d" -MT"src/main.d" -o "src/main.o" "../src/main.c"
../src/main.c:6:21: fatal error: DigiLED.h: No such file or directory
 #include "DigiLED.h"
                     ^
compilation terminated.
make: *** [src/main.o] Error 1
15:19:37 **** Incremental Build of configuration Debug for project hello ****
make all 
'Building file: ../src/platform.c'
'Invoking: MicroBlaze gcc compiler'
mb-gcc -Wall -O0 -g3 -c -fmessage-length=0 -MT"src/platform.o" -I../../standalone_bsp_0/microblaze_0/include -mlittle-endian -mcpu=v9.5 -mxl-soft-mul -Wl,--no-relax -MMD -MP -MF"src/platform.d" -MT"src/platform.d" -o "src/platform.o" "../src/platform.c"
../src/platform.c:34:23: fatal error: xil_cache.h: No such file or directory
 #include "xil_cache.h"
                       ^
compilation terminated.
make: *** [src/platform.o] Error 1
15:19:37 **** Incremental Build of configuration Debug for project Arty_DigiLED ****
make all 
'Building file: ../src/main.c'
'Invoking: MicroBlaze gcc compiler'
mb-gcc -Wall -O0 -g3 -c -fmessage-length=0 -MT"src/main.o" -I../../standalone_bsp_0/microblaze_0/include -mlittle-endian -mcpu=v9.5 -mxl-soft-mul -Wl,--no-relax -MMD -MP -MF"src/main.d" -MT"src/main.d" -o "src/main.o" "../src/main.c"
../src/main.c:6:21: fatal error: DigiLED.h: No such file or directory
 #include "DigiLED.h"
                     ^
compilation terminated.
make: *** [src/main.o] Error 1
15:57:27 **** Auto Build of project standalone_bsp_0 ****
make -k all 
"Running Make include in microblaze_0/libsrc/bram_v4_0/src"
make -C microblaze_0/libsrc/bram_v4_0/src -s include  "SHELL=CMD" "COMPILER=mb-gcc" "ARCHIVER=mb-ar" "COMPILER_FLAGS= -O2 -c -mcpu=v9.5 -mlittle-endian -mxl-soft-mul" "EXTRA_COMPILER_FLAGS=-g"
"Running Make include in microblaze_0/libsrc/cpu_v2_3/src"
make -C microblaze_0/libsrc/cpu_v2_3/src -s include  "SHELL=CMD" "COMPILER=mb-gcc" "ARCHIVER=mb-ar" "COMPILER_FLAGS= -O2 -c -mcpu=v9.5 -mlittle-endian -mxl-soft-mul" "EXTRA_COMPILER_FLAGS=-g"
"Running Make include in microblaze_0/libsrc/DigiLED_v1_0/src"
make -C microblaze_0/libsrc/DigiLED_v1_0/src -s include  "SHELL=CMD" "COMPILER=mb-gcc" "ARCHIVER=mb-ar" "COMPILER_FLAGS= -O2 -c -mcpu=v9.5 -mlittle-endian -mxl-soft-mul" "EXTRA_COMPILER_FLAGS=-g"
"Running Make include in microblaze_0/libsrc/gpio_v4_0/src"
make -C microblaze_0/libsrc/gpio_v4_0/src -s include  "SHELL=CMD" "COMPILER=mb-gcc" "ARCHIVER=mb-ar" "COMPILER_FLAGS= -O2 -c -mcpu=v9.5 -mlittle-endian -mxl-soft-mul" "EXTRA_COMPILER_FLAGS=-g"
"Running Make include in microblaze_0/libsrc/standalone_v5_3/src"
make -C microblaze_0/libsrc/standalone_v5_3/src -s include  "SHELL=CMD" "COMPILER=mb-gcc" "ARCHIVER=mb-ar" "COMPILER_FLAGS= -O2 -c -mcpu=v9.5 -mlittle-endian -mxl-soft-mul" "EXTRA_COMPILER_FLAGS=-g"
"Running Make include in microblaze_0/libsrc/uartlite_v3_1/src"
make -C microblaze_0/libsrc/uartlite_v3_1/src -s include  "SHELL=CMD" "COMPILER=mb-gcc" "ARCHIVER=mb-ar" "COMPILER_FLAGS= -O2 -c -mcpu=v9.5 -mlittle-endian -mxl-soft-mul" "EXTRA_COMPILER_FLAGS=-g"
"Running Make libs in microblaze_0/libsrc/bram_v4_0/src"
make -C microblaze_0/libsrc/bram_v4_0/src -s libs  "SHELL=CMD" "COMPILER=mb-gcc" "ARCHIVER=mb-ar" "COMPILER_FLAGS= -O2 -c -mcpu=v9.5 -mlittle-endian -mxl-soft-mul" "EXTRA_COMPILER_FLAGS=-g"
"Compiling bram"
mb-ar: creating ../../../lib/libxil.a
"Running Make libs in microblaze_0/libsrc/cpu_v2_3/src"
make -C microblaze_0/libsrc/cpu_v2_3/src -s libs  "SHELL=CMD" "COMPILER=mb-gcc" "ARCHIVER=mb-ar" "COMPILER_FLAGS= -O2 -c -mcpu=v9.5 -mlittle-endian -mxl-soft-mul" "EXTRA_COMPILER_FLAGS=-g"
"Compiling cpu"
"Running Make libs in microblaze_0/libsrc/DigiLED_v1_0/src"
make -C microblaze_0/libsrc/DigiLED_v1_0/src -s libs  "SHELL=CMD" "COMPILER=mb-gcc" "ARCHIVER=mb-ar" "COMPILER_FLAGS= -O2 -c -mcpu=v9.5 -mlittle-endian -mxl-soft-mul" "EXTRA_COMPILER_FLAGS=-g"
"Compiling DigiLED..."
"Running Make libs in microblaze_0/libsrc/gpio_v4_0/src"
make -C microblaze_0/libsrc/gpio_v4_0/src -s libs  "SHELL=CMD" "COMPILER=mb-gcc" "ARCHIVER=mb-ar" "COMPILER_FLAGS= -O2 -c -mcpu=v9.5 -mlittle-endian -mxl-soft-mul" "EXTRA_COMPILER_FLAGS=-g"
"Compiling gpio"
"Running Make libs in microblaze_0/libsrc/standalone_v5_3/src"
make -C microblaze_0/libsrc/standalone_v5_3/src -s libs  "SHELL=CMD" "COMPILER=mb-gcc" "ARCHIVER=mb-ar" "COMPILER_FLAGS= -O2 -c -mcpu=v9.5 -mlittle-endian -mxl-soft-mul" "EXTRA_COMPILER_FLAGS=-g"
"Compiling standalone";
"Running Make libs in microblaze_0/libsrc/uartlite_v3_1/src"
make -C microblaze_0/libsrc/uartlite_v3_1/src -s libs  "SHELL=CMD" "COMPILER=mb-gcc" "ARCHIVER=mb-ar" "COMPILER_FLAGS= -O2 -c -mcpu=v9.5 -mlittle-endian -mxl-soft-mul" "EXTRA_COMPILER_FLAGS=-g"
"Compiling uartlite"
'Finished building libraries'
15:57:31 **** Auto Build of configuration Debug for project hello ****
make all 
'Building file: ../src/platform.c'
'Invoking: MicroBlaze gcc compiler'
mb-gcc -Wall -O0 -g3 -c -fmessage-length=0 -MT"src/platform.o" -I../../standalone_bsp_0/microblaze_0/include -mlittle-endian -mcpu=v9.5 -mxl-soft-mul -Wl,--no-relax -MMD -MP -MF"src/platform.d" -MT"src/platform.d" -o "src/platform.o" "../src/platform.c"
'Finished building: ../src/platform.c'
' '
'Building target: hello.elf'
'Invoking: MicroBlaze gcc linker'
mb-gcc -Wl,-T -Wl,../src/lscript.ld -L../../standalone_bsp_0/microblaze_0/lib -mlittle-endian -mcpu=v9.5 -mxl-soft-mul -Wl,--no-relax -o "hello.elf"  ./src/helloworld.o ./src/platform.o   -Wl,--start-group,-lxil,-lgcc,-lc,--end-group
'Finished building target: hello.elf'
' '
'Invoking: MicroBlaze Print Size'
mb-size hello.elf  |tee "hello.elf.size"
   text	   data	    bss	    dec	    hex	filename
   3320	    288	   3120	   6728	   1a48	hello.elf
'Finished building: hello.elf.size'
' '
15:57:31 **** Auto Build of configuration Debug for project Arty_DigiLED ****
make all 
'Building file: ../src/main.c'
'Invoking: MicroBlaze gcc compiler'
mb-gcc -Wall -O0 -g3 -c -fmessage-length=0 -MT"src/main.o" -I../../standalone_bsp_0/microblaze_0/include -mlittle-endian -mcpu=v9.5 -mxl-soft-mul -Wl,--no-relax -MMD -MP -MF"src/main.d" -MT"src/main.d" -o "src/main.o" "../src/main.c"
'Finished building: ../src/main.c'
' '
'Building target: Arty_DigiLED.elf'
'Invoking: MicroBlaze gcc linker'
mb-gcc -Wl,-T -Wl,../src/lscript.ld -L../../standalone_bsp_0/microblaze_0/lib -mlittle-endian -mcpu=v9.5 -mxl-soft-mul -Wl,--no-relax -o "Arty_DigiLED.elf"  ./src/main.o   -Wl,--start-group,-lxil,-lgcc,-lc,--end-group
'Finished building target: Arty_DigiLED.elf'
' '
'Invoking: MicroBlaze Print Size'
mb-size Arty_DigiLED.elf  |tee "Arty_DigiLED.elf.size"
   text	   data	    bss	    dec	    hex	filename
   3232	    288	   3120	   6640	   19f0	Arty_DigiLED.elf
'Finished building: Arty_DigiLED.elf.size'
' '
15:57:47 **** Incremental Build of configuration Debug for project hello ****
make all 
make: Nothing to be done for `all'.
15:57:47 **** Incremental Build of configuration Debug for project Arty_DigiLED ****
make all 
make: Nothing to be done for `all'.
15:58:45 **** Auto Build of configuration Debug for project Arty_DigiLED ****
make all 
'Building file: ../src/main.c'
'Invoking: MicroBlaze gcc compiler'
mb-gcc -Wall -O0 -g3 -c -fmessage-length=0 -MT"src/main.o" -I../../standalone_bsp_0/microblaze_0/include -mlittle-endian -mcpu=v9.5 -mxl-soft-mul -Wl,--no-relax -MMD -MP -MF"src/main.d" -MT"src/main.d" -o "src/main.o" "../src/main.c"
'Finished building: ../src/main.c'
' '
'Building target: Arty_DigiLED.elf'
'Invoking: MicroBlaze gcc linker'
mb-gcc -Wl,-T -Wl,../src/lscript.ld -L../../standalone_bsp_0/microblaze_0/lib -mlittle-endian -mcpu=v9.5 -mxl-soft-mul -Wl,--no-relax -o "Arty_DigiLED.elf"  ./src/main.o   -Wl,--start-group,-lxil,-lgcc,-lc,--end-group
'Finished building target: Arty_DigiLED.elf'
' '
'Invoking: MicroBlaze Print Size'
mb-size Arty_DigiLED.elf  |tee "Arty_DigiLED.elf.size"
   text	   data	    bss	    dec	    hex	filename
   3232	    288	   3120	   6640	   19f0	Arty_DigiLED.elf
'Finished building: Arty_DigiLED.elf.size'
' '
15:58:47 **** Auto Build of configuration Debug for project Arty_DigiLED ****
make all 
'Building file: ../src/main.c'
'Invoking: MicroBlaze gcc compiler'
mb-gcc -Wall -O0 -g3 -c -fmessage-length=0 -MT"src/main.o" -I../../standalone_bsp_0/microblaze_0/include -mlittle-endian -mcpu=v9.5 -mxl-soft-mul -Wl,--no-relax -MMD -MP -MF"src/main.d" -MT"src/main.d" -o "src/main.o" "../src/main.c"
'Finished building: ../src/main.c'
' '
'Building target: Arty_DigiLED.elf'
'Invoking: MicroBlaze gcc linker'
mb-gcc -Wl,-T -Wl,../src/lscript.ld -L../../standalone_bsp_0/microblaze_0/lib -mlittle-endian -mcpu=v9.5 -mxl-soft-mul -Wl,--no-relax -o "Arty_DigiLED.elf"  ./src/main.o   -Wl,--start-group,-lxil,-lgcc,-lc,--end-group
'Finished building target: Arty_DigiLED.elf'
' '
'Invoking: MicroBlaze Print Size'
mb-size Arty_DigiLED.elf  |tee "Arty_DigiLED.elf.size"
   text	   data	    bss	    dec	    hex	filename
   3248	    288	   3120	   6656	   1a00	Arty_DigiLED.elf
'Finished building: Arty_DigiLED.elf.size'
' '
15:58:50 **** Incremental Build of configuration Debug for project hello ****
make all 
make: Nothing to be done for `all'.
15:58:51 **** Incremental Build of configuration Debug for project Arty_DigiLED ****
make all 
make: Nothing to be done for `all'.
15:59:25 **** Auto Build of configuration Debug for project Arty_DigiLED ****
make all 
'Building file: ../src/main.c'
'Invoking: MicroBlaze gcc compiler'
mb-gcc -Wall -O0 -g3 -c -fmessage-length=0 -MT"src/main.o" -I../../standalone_bsp_0/microblaze_0/include -mlittle-endian -mcpu=v9.5 -mxl-soft-mul -Wl,--no-relax -MMD -MP -MF"src/main.d" -MT"src/main.d" -o "src/main.o" "../src/main.c"
'Finished building: ../src/main.c'
' '
'Building target: Arty_DigiLED.elf'
'Invoking: MicroBlaze gcc linker'
mb-gcc -Wl,-T -Wl,../src/lscript.ld -L../../standalone_bsp_0/microblaze_0/lib -mlittle-endian -mcpu=v9.5 -mxl-soft-mul -Wl,--no-relax -o "Arty_DigiLED.elf"  ./src/main.o   -Wl,--start-group,-lxil,-lgcc,-lc,--end-group
'Finished building target: Arty_DigiLED.elf'
' '
'Invoking: MicroBlaze Print Size'
mb-size Arty_DigiLED.elf  |tee "Arty_DigiLED.elf.size"
   text	   data	    bss	    dec	    hex	filename
   3248	    288	   3120	   6656	   1a00	Arty_DigiLED.elf
'Finished building: Arty_DigiLED.elf.size'
' '
15:59:50 **** Auto Build of configuration Debug for project Arty_DigiLED ****
make all 
'Building file: ../src/main.c'
'Invoking: MicroBlaze gcc compiler'
mb-gcc -Wall -O0 -g3 -c -fmessage-length=0 -MT"src/main.o" -I../../standalone_bsp_0/microblaze_0/include -mlittle-endian -mcpu=v9.5 -mxl-soft-mul -Wl,--no-relax -MMD -MP -MF"src/main.d" -MT"src/main.d" -o "src/main.o" "../src/main.c"
'Finished building: ../src/main.c'
' '
'Building target: Arty_DigiLED.elf'
'Invoking: MicroBlaze gcc linker'
mb-gcc -Wl,-T -Wl,../src/lscript.ld -L../../standalone_bsp_0/microblaze_0/lib -mlittle-endian -mcpu=v9.5 -mxl-soft-mul -Wl,--no-relax -o "Arty_DigiLED.elf"  ./src/main.o   -Wl,--start-group,-lxil,-lgcc,-lc,--end-group
'Finished building target: Arty_DigiLED.elf'
' '
'Invoking: MicroBlaze Print Size'
mb-size Arty_DigiLED.elf  |tee "Arty_DigiLED.elf.size"
   text	   data	    bss	    dec	    hex	filename
   3248	    288	   3120	   6656	   1a00	Arty_DigiLED.elf
'Finished building: Arty_DigiLED.elf.size'
' '
15:59:56 **** Incremental Build of configuration Debug for project Arty_DigiLED ****
make all 
make: Nothing to be done for `all'.
16:00:06 **** Incremental Build of configuration Debug for project hello ****
make all 
make: Nothing to be done for `all'.
16:00:06 **** Incremental Build of configuration Debug for project Arty_DigiLED ****
make all 
make: Nothing to be done for `all'.
16:20:02 **** Auto Build of configuration Debug for project Arty_DigiLED ****
make all 
'Building file: ../src/main.c'
'Invoking: MicroBlaze gcc compiler'
mb-gcc -Wall -O0 -g3 -c -fmessage-length=0 -MT"src/main.o" -I../../standalone_bsp_0/microblaze_0/include -mlittle-endian -mcpu=v9.5 -mxl-soft-mul -Wl,--no-relax -MMD -MP -MF"src/main.d" -MT"src/main.d" -o "src/main.o" "../src/main.c"
'Finished building: ../src/main.c'
' '
'Building target: Arty_DigiLED.elf'
'Invoking: MicroBlaze gcc linker'
mb-gcc -Wl,-T -Wl,../src/lscript.ld -L../../standalone_bsp_0/microblaze_0/lib -mlittle-endian -mcpu=v9.5 -mxl-soft-mul -Wl,--no-relax -o "Arty_DigiLED.elf"  ./src/main.o   -Wl,--start-group,-lxil,-lgcc,-lc,--end-group
'Finished building target: Arty_DigiLED.elf'
' '
'Invoking: MicroBlaze Print Size'
mb-size Arty_DigiLED.elf  |tee "Arty_DigiLED.elf.size"
   text	   data	    bss	    dec	    hex	filename
   3284	    288	   3124	   6696	   1a28	Arty_DigiLED.elf
'Finished building: Arty_DigiLED.elf.size'
' '
17:19:28 **** Auto Build of configuration Debug for project Arty_DigiLED ****
make all 
'Building file: ../src/main.c'
'Invoking: MicroBlaze gcc compiler'
mb-gcc -Wall -O0 -g3 -c -fmessage-length=0 -MT"src/main.o" -I../../standalone_bsp_0/microblaze_0/include -mlittle-endian -mcpu=v9.5 -mxl-soft-mul -Wl,--no-relax -MMD -MP -MF"src/main.d" -MT"src/main.d" -o "src/main.o" "../src/main.c"
'Finished building: ../src/main.c'
' '
'Building target: Arty_DigiLED.elf'
'Invoking: MicroBlaze gcc linker'
mb-gcc -Wl,-T -Wl,../src/lscript.ld -L../../standalone_bsp_0/microblaze_0/lib -mlittle-endian -mcpu=v9.5 -mxl-soft-mul -Wl,--no-relax -o "Arty_DigiLED.elf"  ./src/main.o   -Wl,--start-group,-lxil,-lgcc,-lc,--end-group
'Finished building target: Arty_DigiLED.elf'
' '
'Invoking: MicroBlaze Print Size'
mb-size Arty_DigiLED.elf  |tee "Arty_DigiLED.elf.size"
   text	   data	    bss	    dec	    hex	filename
   3296	    288	   3120	   6704	   1a30	Arty_DigiLED.elf
'Finished building: Arty_DigiLED.elf.size'
' '
17:24:46 **** Auto Build of configuration Debug for project Arty_DigiLED ****
make all 
'Building file: ../src/main.c'
'Invoking: MicroBlaze gcc compiler'
mb-gcc -Wall -O0 -g3 -c -fmessage-length=0 -MT"src/main.o" -I../../standalone_bsp_0/microblaze_0/include -mlittle-endian -mcpu=v9.5 -mxl-soft-mul -Wl,--no-relax -MMD -MP -MF"src/main.d" -MT"src/main.d" -o "src/main.o" "../src/main.c"
'Finished building: ../src/main.c'
' '
'Building target: Arty_DigiLED.elf'
'Invoking: MicroBlaze gcc linker'
mb-gcc -Wl,-T -Wl,../src/lscript.ld -L../../standalone_bsp_0/microblaze_0/lib -mlittle-endian -mcpu=v9.5 -mxl-soft-mul -Wl,--no-relax -o "Arty_DigiLED.elf"  ./src/main.o   -Wl,--start-group,-lxil,-lgcc,-lc,--end-group
'Finished building target: Arty_DigiLED.elf'
' '
'Invoking: MicroBlaze Print Size'
mb-size Arty_DigiLED.elf  |tee "Arty_DigiLED.elf.size"
   text	   data	    bss	    dec	    hex	filename
   3300	    288	   3124	   6712	   1a38	Arty_DigiLED.elf
'Finished building: Arty_DigiLED.elf.size'
' '
18:01:00 **** Incremental Build of configuration Debug for project hello ****
make all 
'Building file: ../src/platform.c'
'Invoking: MicroBlaze gcc compiler'
mb-gcc -Wall -O0 -g3 -c -fmessage-length=0 -MT"src/platform.o" -I../../standalone_bsp_0/microblaze_0/include -mlittle-endian -mcpu=v9.5 -mxl-soft-mul -Wl,--no-relax -MMD -MP -MF"src/platform.d" -MT"src/platform.d" -o "src/platform.o" "../src/platform.c"
../src/platform.c:34:23: fatal error: xil_cache.h: No such file or directory
 #include "xil_cache.h"
                       ^
compilation terminated.
make: *** [src/platform.o] Error 1
18:01:00 **** Incremental Build of configuration Debug for project Arty_DigiLED ****
make all 
'Building file: ../src/main.c'
'Invoking: MicroBlaze gcc compiler'
mb-gcc -Wall -O0 -g3 -c -fmessage-length=0 -MT"src/main.o" -I../../standalone_bsp_0/microblaze_0/include -mlittle-endian -mcpu=v9.5 -mxl-soft-mul -Wl,--no-relax -MMD -MP -MF"src/main.d" -MT"src/main.d" -o "src/main.o" "../src/main.c"
../src/main.c:6:21: fatal error: DigiLED.h: No such file or directory
 #include "DigiLED.h"
                     ^
compilation terminated.
make: *** [src/main.o] Error 1
18:01:13 **** Auto Build of project standalone_bsp_0 ****
make -k all 
"Running Make include in microblaze_0/libsrc/bram_v4_0/src"
make -C microblaze_0/libsrc/bram_v4_0/src -s include  "SHELL=CMD" "COMPILER=mb-gcc" "ARCHIVER=mb-ar" "COMPILER_FLAGS= -O2 -c -mcpu=v9.5 -mlittle-endian -mxl-soft-mul" "EXTRA_COMPILER_FLAGS=-g"
"Running Make include in microblaze_0/libsrc/cpu_v2_3/src"
make -C microblaze_0/libsrc/cpu_v2_3/src -s include  "SHELL=CMD" "COMPILER=mb-gcc" "ARCHIVER=mb-ar" "COMPILER_FLAGS= -O2 -c -mcpu=v9.5 -mlittle-endian -mxl-soft-mul" "EXTRA_COMPILER_FLAGS=-g"
"Running Make include in microblaze_0/libsrc/DigiLED_v1_0/src"
make -C microblaze_0/libsrc/DigiLED_v1_0/src -s include  "SHELL=CMD" "COMPILER=mb-gcc" "ARCHIVER=mb-ar" "COMPILER_FLAGS= -O2 -c -mcpu=v9.5 -mlittle-endian -mxl-soft-mul" "EXTRA_COMPILER_FLAGS=-g"
"Running Make include in microblaze_0/libsrc/gpio_v4_0/src"
make -C microblaze_0/libsrc/gpio_v4_0/src -s include  "SHELL=CMD" "COMPILER=mb-gcc" "ARCHIVER=mb-ar" "COMPILER_FLAGS= -O2 -c -mcpu=v9.5 -mlittle-endian -mxl-soft-mul" "EXTRA_COMPILER_FLAGS=-g"
"Running Make include in microblaze_0/libsrc/standalone_v5_3/src"
make -C microblaze_0/libsrc/standalone_v5_3/src -s include  "SHELL=CMD" "COMPILER=mb-gcc" "ARCHIVER=mb-ar" "COMPILER_FLAGS= -O2 -c -mcpu=v9.5 -mlittle-endian -mxl-soft-mul" "EXTRA_COMPILER_FLAGS=-g"
"Running Make include in microblaze_0/libsrc/uartlite_v3_1/src"
make -C microblaze_0/libsrc/uartlite_v3_1/src -s include  "SHELL=CMD" "COMPILER=mb-gcc" "ARCHIVER=mb-ar" "COMPILER_FLAGS= -O2 -c -mcpu=v9.5 -mlittle-endian -mxl-soft-mul" "EXTRA_COMPILER_FLAGS=-g"
"Running Make libs in microblaze_0/libsrc/bram_v4_0/src"
make -C microblaze_0/libsrc/bram_v4_0/src -s libs  "SHELL=CMD" "COMPILER=mb-gcc" "ARCHIVER=mb-ar" "COMPILER_FLAGS= -O2 -c -mcpu=v9.5 -mlittle-endian -mxl-soft-mul" "EXTRA_COMPILER_FLAGS=-g"
"Compiling bram"
mb-ar: creating ../../../lib/libxil.a
"Running Make libs in microblaze_0/libsrc/cpu_v2_3/src"
make -C microblaze_0/libsrc/cpu_v2_3/src -s libs  "SHELL=CMD" "COMPILER=mb-gcc" "ARCHIVER=mb-ar" "COMPILER_FLAGS= -O2 -c -mcpu=v9.5 -mlittle-endian -mxl-soft-mul" "EXTRA_COMPILER_FLAGS=-g"
"Compiling cpu"
"Running Make libs in microblaze_0/libsrc/DigiLED_v1_0/src"
make -C microblaze_0/libsrc/DigiLED_v1_0/src -s libs  "SHELL=CMD" "COMPILER=mb-gcc" "ARCHIVER=mb-ar" "COMPILER_FLAGS= -O2 -c -mcpu=v9.5 -mlittle-endian -mxl-soft-mul" "EXTRA_COMPILER_FLAGS=-g"
"Compiling DigiLED..."
"Running Make libs in microblaze_0/libsrc/gpio_v4_0/src"
make -C microblaze_0/libsrc/gpio_v4_0/src -s libs  "SHELL=CMD" "COMPILER=mb-gcc" "ARCHIVER=mb-ar" "COMPILER_FLAGS= -O2 -c -mcpu=v9.5 -mlittle-endian -mxl-soft-mul" "EXTRA_COMPILER_FLAGS=-g"
"Compiling gpio"
"Running Make libs in microblaze_0/libsrc/standalone_v5_3/src"
make -C microblaze_0/libsrc/standalone_v5_3/src -s libs  "SHELL=CMD" "COMPILER=mb-gcc" "ARCHIVER=mb-ar" "COMPILER_FLAGS= -O2 -c -mcpu=v9.5 -mlittle-endian -mxl-soft-mul" "EXTRA_COMPILER_FLAGS=-g"
"Compiling standalone";
"Running Make libs in microblaze_0/libsrc/uartlite_v3_1/src"
make -C microblaze_0/libsrc/uartlite_v3_1/src -s libs  "SHELL=CMD" "COMPILER=mb-gcc" "ARCHIVER=mb-ar" "COMPILER_FLAGS= -O2 -c -mcpu=v9.5 -mlittle-endian -mxl-soft-mul" "EXTRA_COMPILER_FLAGS=-g"
"Compiling uartlite"
'Finished building libraries'
18:01:18 **** Auto Build of configuration Debug for project hello ****
make all 
'Building file: ../src/platform.c'
'Invoking: MicroBlaze gcc compiler'
mb-gcc -Wall -O0 -g3 -c -fmessage-length=0 -MT"src/platform.o" -I../../standalone_bsp_0/microblaze_0/include -mlittle-endian -mcpu=v9.5 -mxl-soft-mul -Wl,--no-relax -MMD -MP -MF"src/platform.d" -MT"src/platform.d" -o "src/platform.o" "../src/platform.c"
'Finished building: ../src/platform.c'
' '
'Building target: hello.elf'
'Invoking: MicroBlaze gcc linker'
[...]
../src/main.c: In function 'xmas_twinkle':
../src/main.c:99:3: error: too few arguments to function 'clearLEDs'
   clearLEDs();
   ^
In file included from ../src/main.c:11:0:
../src/my_digiLED.h:8:6: note: declared here
 void clearLEDs(int led_num);
      ^
../src/main.c: In function 'main':
../src/main.c:164:2: error: too few arguments to function 'clearLEDs'
  clearLEDs();
  ^
In file included from ../src/main.c:11:0:
../src/my_digiLED.h:8:6: note: declared here
 void clearLEDs(int led_num);
      ^
../src/main.c:180:4: error: too few arguments to function 'clearLEDs'
    clearLEDs();
    ^
In file included from ../src/main.c:11:0:
../src/my_digiLED.h:8:6: note: declared here
 void clearLEDs(int led_num);
      ^
make: *** [src/main.o] Error 1
15:28:40 **** Auto Build of configuration Debug for project Arty_DigiLED ****
make all 
'Building file: ../src/main.c'
'Invoking: MicroBlaze gcc compiler'
mb-gcc -Wall -O0 -g3 -c -fmessage-length=0 -MT"src/main.o" -I../../Arty_DigiLED_bsp/microblaze_0/include -mlittle-endian -mcpu=v9.5 -mxl-soft-mul -Wl,--no-relax -MMD -MP -MF"src/main.d" -MT"src/main.d" -o "src/main.o" "../src/main.c"
../src/main.c: In function 'xmas_twinkle':
../src/main.c:99:3: error: too few arguments to function 'clearLEDs'
   clearLEDs();
   ^
In file included from ../src/main.c:11:0:
../src/my_digiLED.h:11:6: note: declared here
 void clearLEDs(int led_num);
      ^
../src/main.c: In function 'main':
../src/main.c:164:2: error: too few arguments to function 'clearLEDs'
  clearLEDs();
  ^
In file included from ../src/main.c:11:0:
../src/my_digiLED.h:11:6: note: declared here
 void clearLEDs(int led_num);
      ^
../src/main.c:180:4: error: too few arguments to function 'clearLEDs'
    clearLEDs();
    ^
In file included from ../src/main.c:11:0:
../src/my_digiLED.h:11:6: note: declared here
 void clearLEDs(int led_num);
      ^
make: *** [src/main.o] Error 1
15:29:23 **** Auto Build of configuration Debug for project Arty_DigiLED ****
make all 
'Building file: ../src/main.c'
'Invoking: MicroBlaze gcc compiler'
mb-gcc -Wall -O0 -g3 -c -fmessage-length=0 -MT"src/main.o" -I../../Arty_DigiLED_bsp/microblaze_0/include -mlittle-endian -mcpu=v9.5 -mxl-soft-mul -Wl,--no-relax -MMD -MP -MF"src/main.d" -MT"src/main.d" -o "src/main.o" "../src/main.c"
'Finished building: ../src/main.c'
' '
'Building target: Arty_DigiLED.elf'
'Invoking: MicroBlaze gcc linker'
mb-gcc -Wl,-T -Wl,../src/lscript.ld -L../../Arty_DigiLED_bsp/microblaze_0/lib -mlittle-endian -mcpu=v9.5 -mxl-soft-mul -Wl,--no-relax -o "Arty_DigiLED.elf"  ./src/main.o ./src/my_digiLED.o   -Wl,--start-group,-lxil,-lgcc,-lc,--end-group
'Finished building target: Arty_DigiLED.elf'
' '
'Invoking: MicroBlaze Print Size'
mb-size Arty_DigiLED.elf  |tee "Arty_DigiLED.elf.size"
   text	   data	    bss	    dec	    hex	filename
  17588	   1424	   3284	  22296	   5718	Arty_DigiLED.elf
'Finished building: Arty_DigiLED.elf.size'
' '
15:29:59 **** Incremental Build of configuration Debug for project Arty_DigiLED ****
make all 
make: Nothing to be done for `all'.
15:46:04 **** Clean-only build of project Arty_DigiLED_bsp ****
make -k clean 
rm -f microblaze_0/lib/libxil.a
15:46:05 **** Clean-only build of configuration Debug for project Arty_DigiLED ****
make clean 
rm -rf  ./src/main.o ./src/my_digiLED.o  ./src/main.d ./src/my_digiLED.d  Arty_DigiLED.elf.size  Arty_DigiLED.elf
' '
15:46:05 **** Build of project Arty_DigiLED_bsp ****
make -k all 
"Running Make include in microblaze_0/libsrc/bram_v4_0/src"
make -C microblaze_0/libsrc/bram_v4_0/src -s include  "SHELL=CMD" "COMPILER=mb-gcc" "ARCHIVER=mb-ar" "COMPILER_FLAGS= -O2 -c -mcpu=v9.5 -mlittle-endian -mxl-soft-mul" "EXTRA_COMPILER_FLAGS=-g"
"Running Make include in microblaze_0/libsrc/cpu_v2_3/src"
make -C microblaze_0/libsrc/cpu_v2_3/src -s include  "SHELL=CMD" "COMPILER=mb-gcc" "ARCHIVER=mb-ar" "COMPILER_FLAGS= -O2 -c -mcpu=v9.5 -mlittle-endian -mxl-soft-mul" "EXTRA_COMPILER_FLAGS=-g"
"Running Make include in microblaze_0/libsrc/DigiLED_v1_0/src"
make -C microblaze_0/libsrc/DigiLED_v1_0/src -s include  "SHELL=CMD" "COMPILER=mb-gcc" "ARCHIVER=mb-ar" "COMPILER_FLAGS= -O2 -c -mcpu=v9.5 -mlittle-endian -mxl-soft-mul" "EXTRA_COMPILER_FLAGS=-g"
"Running Make include in microblaze_0/libsrc/gpio_v4_0/src"
make -C microblaze_0/libsrc/gpio_v4_0/src -s include  "SHELL=CMD" "COMPILER=mb-gcc" "ARCHIVER=mb-ar" "COMPILER_FLAGS= -O2 -c -mcpu=v9.5 -mlittle-endian -mxl-soft-mul" "EXTRA_COMPILER_FLAGS=-g"
"Running Make include in microblaze_0/libsrc/standalone_v5_3/src"
make -C microblaze_0/libsrc/standalone_v5_3/src -s include  "SHELL=CMD" "COMPILER=mb-gcc" "ARCHIVER=mb-ar" "COMPILER_FLAGS= -O2 -c -mcpu=v9.5 -mlittle-endian -mxl-soft-mul" "EXTRA_COMPILER_FLAGS=-g"
"Running Make include in microblaze_0/libsrc/uartlite_v3_1/src"
make -C microblaze_0/libsrc/uartlite_v3_1/src -s include  "SHELL=CMD" "COMPILER=mb-gcc" "ARCHIVER=mb-ar" "COMPILER_FLAGS= -O2 -c -mcpu=v9.5 -mlittle-endian -mxl-soft-mul" "EXTRA_COMPILER_FLAGS=-g"
"Running Make libs in microblaze_0/libsrc/bram_v4_0/src"
make -C microblaze_0/libsrc/bram_v4_0/src -s libs  "SHELL=CMD" "COMPILER=mb-gcc" "ARCHIVER=mb-ar" "COMPILER_FLAGS= -O2 -c -mcpu=v9.5 -mlittle-endian -mxl-soft-mul" "EXTRA_COMPILER_FLAGS=-g"
"Compiling bram"
mb-ar: creating ../../../lib/libxil.a
"Running Make libs in microblaze_0/libsrc/cpu_v2_3/src"
make -C microblaze_0/libsrc/cpu_v2_3/src -s libs  "SHELL=CMD" "COMPILER=mb-gcc" "ARCHIVER=mb-ar" "COMPILER_FLAGS= -O2 -c -mcpu=v9.5 -mlittle-endian -mxl-soft-mul" "EXTRA_COMPILER_FLAGS=-g"
"Compiling cpu"
"Running Make libs in microblaze_0/libsrc/DigiLED_v1_0/src"
make -C microblaze_0/libsrc/DigiLED_v1_0/src -s libs  "SHELL=CMD" "COMPILER=mb-gcc" "ARCHIVER=mb-ar" "COMPILER_FLAGS= -O2 -c -mcpu=v9.5 -mlittle-endian -mxl-soft-mul" "EXTRA_COMPILER_FLAGS=-g"
"Compiling DigiLED..."
"Running Make libs in microblaze_0/libsrc/gpio_v4_0/src"
make -C microblaze_0/libsrc/gpio_v4_0/src -s libs  "SHELL=CMD" "COMPILER=mb-gcc" "ARCHIVER=mb-ar" "COMPILER_FLAGS= -O2 -c -mcpu=v9.5 -mlittle-endian -mxl-soft-mul" "EXTRA_COMPILER_FLAGS=-g"
"Compiling gpio"
"Running Make libs in microblaze_0/libsrc/standalone_v5_3/src"
make -C microblaze_0/libsrc/standalone_v5_3/src -s libs  "SHELL=CMD" "COMPILER=mb-gcc" "ARCHIVER=mb-ar" "COMPILER_FLAGS= -O2 -c -mcpu=v9.5 -mlittle-endian -mxl-soft-mul" "EXTRA_COMPILER_FLAGS=-g"
"Compiling standalone";
"Running Make libs in microblaze_0/libsrc/uartlite_v3_1/src"
make -C microblaze_0/libsrc/uartlite_v3_1/src -s libs  "SHELL=CMD" "COMPILER=mb-gcc" "ARCHIVER=mb-ar" "COMPILER_FLAGS= -O2 -c -mcpu=v9.5 -mlittle-endian -mxl-soft-mul" "EXTRA_COMPILER_FLAGS=-g"
"Compiling uartlite"
'Finished building libraries'
15:46:09 **** Build of configuration Debug for project Arty_DigiLED ****
make all 
'Building file: ../src/main.c'
'Invoking: MicroBlaze gcc compiler'
mb-gcc -Wall -O0 -g3 -c -fmessage-length=0 -MT"src/main.o" -I../../Arty_DigiLED_bsp/microblaze_0/include -mlittle-endian -mcpu=v9.5 -mxl-soft-mul -Wl,--no-relax -MMD -MP -MF"src/main.d" -MT"src/main.d" -o "src/main.o" "../src/main.c"
'Finished building: ../src/main.c'
' '
'Building file: ../src/my_digiLED.c'
'Invoking: MicroBlaze gcc compiler'
mb-gcc -Wall -O0 -g3 -c -fmessage-length=0 -MT"src/my_digiLED.o" -I../../Arty_DigiLED_bsp/microblaze_0/include -mlittle-endian -mcpu=v9.5 -mxl-soft-mul -Wl,--no-relax -MMD -MP -MF"src/my_digiLED.d" -MT"src/my_digiLED.d" -o "src/my_digiLED.o" "../src/my_digiLED.c"
'Finished building: ../src/my_digiLED.c'
' '
'Building target: Arty_DigiLED.elf'
'Invoking: MicroBlaze gcc linker'
mb-gcc -Wl,-T -Wl,../src/lscript.ld -L../../Arty_DigiLED_bsp/microblaze_0/lib -mlittle-endian -mcpu=v9.5 -mxl-soft-mul -Wl,--no-relax -o "Arty_DigiLED.elf"  ./src/main.o ./src/my_digiLED.o   -Wl,--start-group,-lxil,-lgcc,-lc,--end-group
'Finished building target: Arty_DigiLED.elf'
' '
'Invoking: MicroBlaze Print Size'
mb-size Arty_DigiLED.elf  |tee "Arty_DigiLED.elf.size"
   text	   data	    bss	    dec	    hex	filename
  17588	   1424	   3284	  22296	   5718	Arty_DigiLED.elf
'Finished building: Arty_DigiLED.elf.size'
' '
15:46:38 **** Incremental Build of configuration Debug for project Arty_DigiLED ****
make all 
make: Nothing to be done for `all'.
15:47:26 **** Auto Build of configuration Debug for project Arty_DigiLED ****
make all 
'Building file: ../src/main.c'
'Invoking: MicroBlaze gcc compiler'
mb-gcc -Wall -O0 -g3 -c -fmessage-length=0 -MT"src/main.o" -I../../Arty_DigiLED_bsp/microblaze_0/include -mlittle-endian -mcpu=v9.5 -mxl-soft-mul -Wl,--no-relax -MMD -MP -MF"src/main.d" -MT"src/main.d" -o "src/main.o" "../src/main.c"
'Finished building: ../src/main.c'
' '
'Building target: Arty_DigiLED.elf'
'Invoking: MicroBlaze gcc linker'
mb-gcc -Wl,-T -Wl,../src/lscript.ld -L../../Arty_DigiLED_bsp/microblaze_0/lib -mlittle-endian -mcpu=v9.5 -mxl-soft-mul -Wl,--no-relax -o "Arty_DigiLED.elf"  ./src/main.o ./src/my_digiLED.o   -Wl,--start-group,-lxil,-lgcc,-lc,--end-group
'Finished building target: Arty_DigiLED.elf'
' '
'Invoking: MicroBlaze Print Size'
mb-size Arty_DigiLED.elf  |tee "Arty_DigiLED.elf.size"
   text	   data	    bss	    dec	    hex	filename
  17588	   1424	   3340	  22352	   5750	Arty_DigiLED.elf
'Finished building: Arty_DigiLED.elf.size'
' '
15:47:27 **** Incremental Build of configuration Debug for project Arty_DigiLED ****
make all 
make: Nothing to be done for `all'.
15:55:57 **** Clean-only build of project Arty_DigiLED_bsp ****
make -k clean 
rm -f microblaze_0/lib/libxil.a
15:55:58 **** Clean-only build of configuration Debug for project Arty_DigiLED ****
make clean 
rm -rf  ./src/main.o ./src/my_digiLED.o  ./src/main.d ./src/my_digiLED.d  Arty_DigiLED.elf.size  Arty_DigiLED.elf
' '
15:55:58 **** Build of project Arty_DigiLED_bsp ****
make -k all 
"Running Make include in microblaze_0/libsrc/bram_v4_0/src"
make -C microblaze_0/libsrc/bram_v4_0/src -s include  "SHELL=CMD" "COMPILER=mb-gcc" "ARCHIVER=mb-ar" "COMPILER_FLAGS= -O2 -c -mcpu=v9.5 -mlittle-endian -mxl-soft-mul" "EXTRA_COMPILER_FLAGS=-g"
"Running Make include in microblaze_0/libsrc/cpu_v2_3/src"
make -C microblaze_0/libsrc/cpu_v2_3/src -s include  "SHELL=CMD" "COMPILER=mb-gcc" "ARCHIVER=mb-ar" "COMPILER_FLAGS= -O2 -c -mcpu=v9.5 -mlittle-endian -mxl-soft-mul" "EXTRA_COMPILER_FLAGS=-g"
"Running Make include in microblaze_0/libsrc/DigiLED_v1_0/src"
make -C microblaze_0/libsrc/DigiLED_v1_0/src -s include  "SHELL=CMD" "COMPILER=mb-gcc" "ARCHIVER=mb-ar" "COMPILER_FLAGS= -O2 -c -mcpu=v9.5 -mlittle-endian -mxl-soft-mul" "EXTRA_COMPILER_FLAGS=-g"
"Running Make include in microblaze_0/libsrc/gpio_v4_0/src"
make -C microblaze_0/libsrc/gpio_v4_0/src -s include  "SHELL=CMD" "COMPILER=mb-gcc" "ARCHIVER=mb-ar" "COMPILER_FLAGS= -O2 -c -mcpu=v9.5 -mlittle-endian -mxl-soft-mul" "EXTRA_COMPILER_FLAGS=-g"
"Running Make include in microblaze_0/libsrc/standalone_v5_3/src"
make -C microblaze_0/libsrc/standalone_v5_3/src -s include  "SHELL=CMD" "COMPILER=mb-gcc" "ARCHIVER=mb-ar" "COMPILER_FLAGS= -O2 -c -mcpu=v9.5 -mlittle-endian -mxl-soft-mul" "EXTRA_COMPILER_FLAGS=-g"
"Running Make include in microblaze_0/libsrc/uartlite_v3_1/src"
make -C microblaze_0/libsrc/uartlite_v3_1/src -s include  "SHELL=CMD" "COMPILER=mb-gcc" "ARCHIVER=mb-ar" "COMPILER_FLAGS= -O2 -c -mcpu=v9.5 -mlittle-endian -mxl-soft-mul" "EXTRA_COMPILER_FLAGS=-g"
"Running Make libs in microblaze_0/libsrc/bram_v4_0/src"
make -C microblaze_0/libsrc/bram_v4_0/src -s libs  "SHELL=CMD" "COMPILER=mb-gcc" "ARCHIVER=mb-ar" "COMPILER_FLAGS= -O2 -c -mcpu=v9.5 -mlittle-endian -mxl-soft-mul" "EXTRA_COMPILER_FLAGS=-g"
"Compiling bram"
mb-ar: creating ../../../lib/libxil.a
"Running Make libs in microblaze_0/libsrc/cpu_v2_3/src"
make -C microblaze_0/libsrc/cpu_v2_3/src -s libs  "SHELL=CMD" "COMPILER=mb-gcc" "ARCHIVER=mb-ar" "COMPILER_FLAGS= -O2 -c -mcpu=v9.5 -mlittle-endian -mxl-soft-mul" "EXTRA_COMPILER_FLAGS=-g"
"Compiling cpu"
"Running Make libs in microblaze_0/libsrc/DigiLED_v1_0/src"
make -C microblaze_0/libsrc/DigiLED_v1_0/src -s libs  "SHELL=CMD" "COMPILER=mb-gcc" "ARCHIVER=mb-ar" "COMPILER_FLAGS= -O2 -c -mcpu=v9.5 -mlittle-endian -mxl-soft-mul" "EXTRA_COMPILER_FLAGS=-g"
"Compiling DigiLED..."
"Running Make libs in microblaze_0/libsrc/gpio_v4_0/src"
make -C microblaze_0/libsrc/gpio_v4_0/src -s libs  "SHELL=CMD" "COMPILER=mb-gcc" "ARCHIVER=mb-ar" "COMPILER_FLAGS= -O2 -c -mcpu=v9.5 -mlittle-endian -mxl-soft-mul" "EXTRA_COMPILER_FLAGS=-g"
"Compiling gpio"
"Running Make libs in microblaze_0/libsrc/standalone_v5_3/src"
make -C microblaze_0/libsrc/standalone_v5_3/src -s libs  "SHELL=CMD" "COMPILER=mb-gcc" "ARCHIVER=mb-ar" "COMPILER_FLAGS= -O2 -c -mcpu=v9.5 -mlittle-endian -mxl-soft-mul" "EXTRA_COMPILER_FLAGS=-g"
"Compiling standalone";
"Running Make libs in microblaze_0/libsrc/uartlite_v3_1/src"
make -C microblaze_0/libsrc/uartlite_v3_1/src -s libs  "SHELL=CMD" "COMPILER=mb-gcc" "ARCHIVER=mb-ar" "COMPILER_FLAGS= -O2 -c -mcpu=v9.5 -mlittle-endian -mxl-soft-mul" "EXTRA_COMPILER_FLAGS=-g"
"Compiling uartlite"
'Finished building libraries'
15:56:02 **** Build of configuration Debug for project Arty_DigiLED ****
make all 
'Building file: ../src/main.c'
'Invoking: MicroBlaze gcc compiler'
mb-gcc -Wall -O0 -g3 -c -fmessage-length=0 -MT"src/main.o" -I../../Arty_DigiLED_bsp/microblaze_0/include -mlittle-endian -mcpu=v9.5 -mxl-soft-mul -Wl,--no-relax -MMD -MP -MF"src/main.d" -MT"src/main.d" -o "src/main.o" "../src/main.c"
'Finished building: ../src/main.c'
' '
'Building file: ../src/my_digiLED.c'
'Invoking: MicroBlaze gcc compiler'
mb-gcc -Wall -O0 -g3 -c -fmessage-length=0 -MT"src/my_digiLED.o" -I../../Arty_DigiLED_bsp/microblaze_0/include -mlittle-endian -mcpu=v9.5 -mxl-soft-mul -Wl,--no-relax -MMD -MP -MF"src/my_digiLED.d" -MT"src/my_digiLED.d" -o "src/my_digiLED.o" "../src/my_digiLED.c"
'Finished building: ../src/my_digiLED.c'
' '
'Building target: Arty_DigiLED.elf'
'Invoking: MicroBlaze gcc linker'
mb-gcc -Wl,-T -Wl,../src/lscript.ld -L../../Arty_DigiLED_bsp/microblaze_0/lib -mlittle-endian -mcpu=v9.5 -mxl-soft-mul -Wl,--no-relax -o "Arty_DigiLED.elf"  ./src/main.o ./src/my_digiLED.o   -Wl,--start-group,-lxil,-lgcc,-lc,--end-group
'Finished building target: Arty_DigiLED.elf'
' '
'Invoking: MicroBlaze Print Size'
mb-size Arty_DigiLED.elf  |tee "Arty_DigiLED.elf.size"
   text	   data	    bss	    dec	    hex	filename
  17588	   1424	   3340	  22352	   5750	Arty_DigiLED.elf
'Finished building: Arty_DigiLED.elf.size'
' '
15:56:34 **** Clean-only build of configuration Debug for project Arty_DigiLED ****
make clean 
rm -rf  ./src/main.o ./src/my_digiLED.o  ./src/main.d ./src/my_digiLED.d  Arty_DigiLED.elf.size  Arty_DigiLED.elf
' '
15:56:34 **** Auto Build of configuration Debug for project Arty_DigiLED ****
make all 
'Building file: ../src/main.c'
'Invoking: MicroBlaze gcc compiler'
mb-gcc -Wall -O0 -g3 -c -fmessage-length=0 -MT"src/main.o" -I../../Arty_DigiLED_bsp/microblaze_0/include -mlittle-endian -mcpu=v9.5 -mxl-soft-mul -Wl,--no-relax -MMD -MP -MF"src/main.d" -MT"src/main.d" -o "src/main.o" "../src/main.c"
'Finished building: ../src/main.c'
' '
'Building target: Arty_DigiLED.elf'
'Invoking: MicroBlaze gcc linker'
mb-gcc -Wl,-T -Wl,../src/lscript.ld -L../../Arty_DigiLED_bsp/microblaze_0/lib -mlittle-endian -mcpu=v9.5 -mxl-soft-mul -Wl,--no-relax -o "Arty_DigiLED.elf"  ./src/main.o   -Wl,--start-group,-lxil,-lgcc,-lc,--end-group
'Finished building target: Arty_DigiLED.elf'
' '
'Invoking: MicroBlaze Print Size'
mb-size Arty_DigiLED.elf  |tee "Arty_DigiLED.elf.size"
   text	   data	    bss	    dec	    hex	filename
  17428	   1424	   3340	  22192	   56b0	Arty_DigiLED.elf
'Finished building: Arty_DigiLED.elf.size'
' '
15:56:37 **** Clean-only build of configuration Debug for project Arty_DigiLED ****
make clean 
rm -rf  ./src/main.o  ./src/main.d  Arty_DigiLED.elf.size  Arty_DigiLED.elf
' '
15:56:37 **** Auto Build of configuration Debug for project Arty_DigiLED ****
make all 
'Building file: ../src/main.c'
'Invoking: MicroBlaze gcc compiler'
mb-gcc -Wall -O0 -g3 -c -fmessage-length=0 -MT"src/main.o" -I../../Arty_DigiLED_bsp/microblaze_0/include -mlittle-endian -mcpu=v9.5 -mxl-soft-mul -Wl,--no-relax -MMD -MP -MF"src/main.d" -MT"src/main.d" -o "src/main.o" "../src/main.c"
../src/main.c:11:24: fatal error: my_digiLED.h: No such file or directory
 #include "my_digiLED.h"
                        ^
compilation terminated.
make: *** [src/main.o] Error 1
15:56:47 **** Auto Build of configuration Debug for project Arty_DigiLED ****
make all 
'Building file: ../src/main.c'
'Invoking: MicroBlaze gcc compiler'
mb-gcc -Wall -O0 -g3 -c -fmessage-length=0 -MT"src/main.o" -I../../Arty_DigiLED_bsp/microblaze_0/include -mlittle-endian -mcpu=v9.5 -mxl-soft-mul -Wl,--no-relax -MMD -MP -MF"src/main.d" -MT"src/main.d" -o "src/main.o" "../src/main.c"
'Finished building: ../src/main.c'
' '
'Building target: Arty_DigiLED.elf'
'Invoking: MicroBlaze gcc linker'
mb-gcc -Wl,-T -Wl,../src/lscript.ld -L../../Arty_DigiLED_bsp/microblaze_0/lib -mlittle-endian -mcpu=v9.5 -mxl-soft-mul -Wl,--no-relax -o "Arty_DigiLED.elf"  ./src/main.o   -Wl,--start-group,-lxil,-lgcc,-lc,--end-group
'Finished building target: Arty_DigiLED.elf'
' '
'Invoking: MicroBlaze Print Size'
mb-size Arty_DigiLED.elf  |tee "Arty_DigiLED.elf.size"
   text	   data	    bss	    dec	    hex	filename
  17428	   1424	   3340	  22192	   56b0	Arty_DigiLED.elf
'Finished building: Arty_DigiLED.elf.size'
' '
15:56:51 **** Incremental Build of configuration Debug for project Arty_DigiLED ****
make all 
make: Nothing to be done for `all'.
15:56:55 **** Incremental Build of configuration Debug for project Arty_DigiLED ****
make all 
make: Nothing to be done for `all'.
15:57:40 **** Auto Build of configuration Debug for project Arty_DigiLED ****
make all 
'Building file: ../src/main.c'
'Invoking: MicroBlaze gcc compiler'
mb-gcc -Wall -O0 -g3 -c -fmessage-length=0 -MT"src/main.o" -I../../Arty_DigiLED_bsp/microblaze_0/include -mlittle-endian -mcpu=v9.5 -mxl-soft-mul -Wl,--no-relax -MMD -MP -MF"src/main.d" -MT"src/main.d" -o "src/main.o" "../src/main.c"
'Finished building: ../src/main.c'
' '
'Building target: Arty_DigiLED.elf'
'Invoking: MicroBlaze gcc linker'
mb-gcc -Wl,-T -Wl,../src/lscript.ld -L../../Arty_DigiLED_bsp/microblaze_0/lib -mlittle-endian -mcpu=v9.5 -mxl-soft-mul -Wl,--no-relax -o "Arty_DigiLED.elf"  ./src/main.o   -Wl,--start-group,-lxil,-lgcc,-lc,--end-group
'Finished building target: Arty_DigiLED.elf'
' '
'Invoking: MicroBlaze Print Size'
mb-size Arty_DigiLED.elf  |tee "Arty_DigiLED.elf.size"
   text	   data	    bss	    dec	    hex	filename
  17428	   1424	   3340	  22192	   56b0	Arty_DigiLED.elf
'Finished building: Arty_DigiLED.elf.size'
' '
15:57:43 **** Incremental Build of configuration Debug for project Arty_DigiLED ****
make all 
make: Nothing to be done for `all'.
15:57:46 **** Incremental Build of configuration Debug for project Arty_DigiLED ****
make all 
make: Nothing to be done for `all'.
15:58:33 **** Auto Build of configuration Debug for project Arty_DigiLED ****
make all 
'Building file: ../src/main.c'
'Invoking: MicroBlaze gcc compiler'
mb-gcc -Wall -O0 -g3 -c -fmessage-length=0 -MT"src/main.o" -I../../Arty_DigiLED_bsp/microblaze_0/include -mlittle-endian -mcpu=v9.5 -mxl-soft-mul -Wl,--no-relax -MMD -MP -MF"src/main.d" -MT"src/main.d" -o "src/main.o" "../src/main.c"
'Finished building: ../src/main.c'
' '
'Building target: Arty_DigiLED.elf'
'Invoking: MicroBlaze gcc linker'
mb-gcc -Wl,-T -Wl,../src/lscript.ld -L../../Arty_DigiLED_bsp/microblaze_0/lib -mlittle-endian -mcpu=v9.5 -mxl-soft-mul -Wl,--no-relax -o "Arty_DigiLED.elf"  ./src/main.o   -Wl,--start-group,-lxil,-lgcc,-lc,--end-group
'Finished building target: Arty_DigiLED.elf'
' '
'Invoking: MicroBlaze Print Size'
mb-size Arty_DigiLED.elf  |tee "Arty_DigiLED.elf.size"
   text	   data	    bss	    dec	    hex	filename
  17428	   1424	   3340	  22192	   56b0	Arty_DigiLED.elf
'Finished building: Arty_DigiLED.elf.size'
' '
